Archive member included to satisfy reference by file (symbol)

/usr/lib/gcc/arm-none-eabi/4.9.3/../../../arm-none-eabi/lib/armv7e-m/fpu/libc_nano.a(lib_a-atexit.o)
                              /usr/lib/gcc/arm-none-eabi/4.9.3/../../../arm-none-eabi/lib/armv7e-m/fpu/crt0.o (atexit)
/usr/lib/gcc/arm-none-eabi/4.9.3/../../../arm-none-eabi/lib/armv7e-m/fpu/libc_nano.a(lib_a-exit.o)
                              /usr/lib/gcc/arm-none-eabi/4.9.3/../../../arm-none-eabi/lib/armv7e-m/fpu/crt0.o (exit)
/usr/lib/gcc/arm-none-eabi/4.9.3/../../../arm-none-eabi/lib/armv7e-m/fpu/libc_nano.a(lib_a-fini.o)
                              /usr/lib/gcc/arm-none-eabi/4.9.3/../../../arm-none-eabi/lib/armv7e-m/fpu/crt0.o (__libc_fini_array)
/usr/lib/gcc/arm-none-eabi/4.9.3/../../../arm-none-eabi/lib/armv7e-m/fpu/libc_nano.a(lib_a-impure.o)
                              /usr/lib/gcc/arm-none-eabi/4.9.3/../../../arm-none-eabi/lib/armv7e-m/fpu/libc_nano.a(lib_a-exit.o) (_global_impure_ptr)
/usr/lib/gcc/arm-none-eabi/4.9.3/../../../arm-none-eabi/lib/armv7e-m/fpu/libc_nano.a(lib_a-init.o)
                              /usr/lib/gcc/arm-none-eabi/4.9.3/../../../arm-none-eabi/lib/armv7e-m/fpu/crt0.o (__libc_init_array)
/usr/lib/gcc/arm-none-eabi/4.9.3/../../../arm-none-eabi/lib/armv7e-m/fpu/libc_nano.a(lib_a-memcpy.o)
                              build/vl53l0x_api_calibration.o (memcpy)
/usr/lib/gcc/arm-none-eabi/4.9.3/../../../arm-none-eabi/lib/armv7e-m/fpu/libc_nano.a(lib_a-memset.o)
                              /usr/lib/gcc/arm-none-eabi/4.9.3/../../../arm-none-eabi/lib/armv7e-m/fpu/crt0.o (memset)
/usr/lib/gcc/arm-none-eabi/4.9.3/../../../arm-none-eabi/lib/armv7e-m/fpu/libc_nano.a(lib_a-strcpy.o)
                              build/vl53l0x_api_core.o (strcpy)
/usr/lib/gcc/arm-none-eabi/4.9.3/../../../arm-none-eabi/lib/armv7e-m/fpu/libc_nano.a(lib_a-__atexit.o)
                              /usr/lib/gcc/arm-none-eabi/4.9.3/../../../arm-none-eabi/lib/armv7e-m/fpu/libc_nano.a(lib_a-atexit.o) (__register_exitproc)
/usr/lib/gcc/arm-none-eabi/4.9.3/../../../arm-none-eabi/lib/armv7e-m/fpu/libc_nano.a(lib_a-__call_atexit.o)
                              /usr/lib/gcc/arm-none-eabi/4.9.3/../../../arm-none-eabi/lib/armv7e-m/fpu/libc_nano.a(lib_a-__atexit.o) (__call_exitprocs)
/usr/lib/gcc/arm-none-eabi/4.9.3/../../../arm-none-eabi/lib/armv7e-m/fpu/libnosys.a(_exit.o)
                              /usr/lib/gcc/arm-none-eabi/4.9.3/../../../arm-none-eabi/lib/armv7e-m/fpu/libc_nano.a(lib_a-exit.o) (_exit)

Allocating common symbols
Common symbol       size              file

hi2c1               0x4c              build/i2c.o
_I2CBuffer          0x40              build/vl53l0x_platform.o
hcan                0x28              build/can.o
uwTick              0x4               build/stm32f3xx_hal.o
pFlash              0x20              build/stm32f3xx_hal_flash.o
huart1              0x70              build/usart.o
tof                 0x1ac             build/main.o
htim1               0x40              build/tim.o
htim2               0x40              build/tim.o

Discarded input sections

 .text          0x0000000000000000        0x0 /usr/lib/gcc/arm-none-eabi/4.9.3/armv7e-m/fpu/crti.o
 .data          0x0000000000000000        0x0 /usr/lib/gcc/arm-none-eabi/4.9.3/armv7e-m/fpu/crti.o
 .bss           0x0000000000000000        0x0 /usr/lib/gcc/arm-none-eabi/4.9.3/armv7e-m/fpu/crti.o
 .data          0x0000000000000000        0x4 /usr/lib/gcc/arm-none-eabi/4.9.3/armv7e-m/fpu/crtbegin.o
 .text          0x0000000000000000       0x68 /usr/lib/gcc/arm-none-eabi/4.9.3/../../../arm-none-eabi/lib/armv7e-m/fpu/crt0.o
 .data          0x0000000000000000        0x0 /usr/lib/gcc/arm-none-eabi/4.9.3/../../../arm-none-eabi/lib/armv7e-m/fpu/crt0.o
 .bss           0x0000000000000000        0x0 /usr/lib/gcc/arm-none-eabi/4.9.3/../../../arm-none-eabi/lib/armv7e-m/fpu/crt0.o
 .ARM.extab     0x0000000000000000        0x0 /usr/lib/gcc/arm-none-eabi/4.9.3/../../../arm-none-eabi/lib/armv7e-m/fpu/crt0.o
 .ARM.exidx     0x0000000000000000        0x8 /usr/lib/gcc/arm-none-eabi/4.9.3/../../../arm-none-eabi/lib/armv7e-m/fpu/crt0.o
 .debug_line    0x0000000000000000       0x7e /usr/lib/gcc/arm-none-eabi/4.9.3/../../../arm-none-eabi/lib/armv7e-m/fpu/crt0.o
 .debug_info    0x0000000000000000       0xb0 /usr/lib/gcc/arm-none-eabi/4.9.3/../../../arm-none-eabi/lib/armv7e-m/fpu/crt0.o
 .debug_abbrev  0x0000000000000000       0x14 /usr/lib/gcc/arm-none-eabi/4.9.3/../../../arm-none-eabi/lib/armv7e-m/fpu/crt0.o
 .debug_aranges
                0x0000000000000000       0x20 /usr/lib/gcc/arm-none-eabi/4.9.3/../../../arm-none-eabi/lib/armv7e-m/fpu/crt0.o
 .ARM.attributes
                0x0000000000000000       0x20 /usr/lib/gcc/arm-none-eabi/4.9.3/../../../arm-none-eabi/lib/armv7e-m/fpu/crt0.o
 .text          0x0000000000000000        0x0 build/tof.o
 .data          0x0000000000000000        0x0 build/tof.o
 .bss           0x0000000000000000        0x0 build/tof.o
 .text.ToF_Perform_Measurement
[...]
Memory Configuration

Name             Origin             Length             Attributes
RAM              0x0000000020000000 0x0000000000003000 xrw
CCMRAM           0x0000000010000000 0x0000000000001000 rw
FLASH            0x0000000008000000 0x0000000000010000 xr
*default*        0x0000000000000000 0xffffffffffffffff

Linker script and memory map

LOAD /usr/lib/gcc/arm-none-eabi/4.9.3/armv7e-m/fpu/crti.o
LOAD /usr/lib/gcc/arm-none-eabi/4.9.3/armv7e-m/fpu/crtbegin.o
LOAD /usr/lib/gcc/arm-none-eabi/4.9.3/../../../arm-none-eabi/lib/armv7e-m/fpu/crt0.o
LOAD build/tof.o
LOAD build/vl53l0x_api.o
LOAD build/vl53l0x_api_calibration.o
LOAD build/vl53l0x_api_core.o
LOAD build/vl53l0x_api_ranging.o
LOAD build/vl53l0x_api_strings.o
LOAD build/vl53l0x_platform_log.o
LOAD build/vl53l0x_platform.o
LOAD build/main.o
LOAD build/gpio.o
LOAD build/can.o
LOAD build/i2c.o
LOAD build/tim.o
LOAD build/usart.o
LOAD build/stm32f3xx_it.o
LOAD build/stm32f3xx_hal_msp.o
LOAD build/stm32f3xx_hal_can.o
LOAD build/stm32f3xx_hal_i2c.o
LOAD build/stm32f3xx_hal_i2c_ex.o
LOAD build/stm32f3xx_hal_tim.o
LOAD build/stm32f3xx_hal_tim_ex.o
LOAD build/stm32f3xx_hal_uart.o
LOAD build/stm32f3xx_hal_uart_ex.o
LOAD build/stm32f3xx_hal.o
LOAD build/stm32f3xx_hal_rcc.o
LOAD build/stm32f3xx_hal_rcc_ex.o
LOAD build/stm32f3xx_hal_gpio.o
LOAD build/stm32f3xx_hal_dma.o
LOAD build/stm32f3xx_hal_cortex.o
LOAD build/stm32f3xx_hal_pwr.o
LOAD build/stm32f3xx_hal_pwr_ex.o
LOAD build/stm32f3xx_hal_flash.o
LOAD build/stm32f3xx_hal_flash_ex.o
LOAD build/system_stm32f3xx.o
LOAD build/startup_stm32f303x8.o
LOAD /usr/lib/gcc/arm-none-eabi/4.9.3/../../../arm-none-eabi/lib/armv7e-m/fpu/libc_nano.a
LOAD /usr/lib/gcc/arm-none-eabi/4.9.3/../../../arm-none-eabi/lib/armv7e-m/fpu/libm.a
LOAD /usr/lib/gcc/arm-none-eabi/4.9.3/../../../arm-none-eabi/lib/armv7e-m/fpu/libnosys.a
START GROUP
LOAD /usr/lib/gcc/arm-none-eabi/4.9.3/armv7e-m/fpu/libgcc.a
LOAD /usr/lib/gcc/arm-none-eabi/4.9.3/../../../arm-none-eabi/lib/armv7e-m/fpu/libc_nano.a
END GROUP
START GROUP
LOAD /usr/lib/gcc/arm-none-eabi/4.9.3/armv7e-m/fpu/libgcc.a
LOAD /usr/lib/gcc/arm-none-eabi/4.9.3/../../../arm-none-eabi/lib/armv7e-m/fpu/libc_nano.a
END GROUP
LOAD /usr/lib/gcc/arm-none-eabi/4.9.3/armv7e-m/fpu/crtend.o
LOAD /usr/lib/gcc/arm-none-eabi/4.9.3/armv7e-m/fpu/crtn.o
                0x0000000020003000                _estack = 0x20003000
                0x0000000000000200                _Min_Heap_Size = 0x200
                0x0000000000000400                _Min_Stack_Size = 0x400

.isr_vector     0x0000000008000000      0x188
                0x0000000008000000                . = ALIGN (0x4)
 *(.isr_vector)
 .isr_vector    0x0000000008000000      0x188 build/startup_stm32f303x8.o
                0x0000000008000000                g_pfnVectors
                0x0000000008000188                . = ALIGN (0x4)

.text           0x0000000008000188     0x94f0
                0x0000000008000188                . = ALIGN (0x4)
 *(.text)
 .text          0x0000000008000188       0xa4 /usr/lib/gcc/arm-none-eabi/4.9.3/armv7e-m/fpu/crtbegin.o
 *(.text*)
 .text.ToF_Init_Struct
                0x000000000800022c       0x34 build/tof.o
                0x000000000800022c                ToF_Init_Struct
 .text.ToF_Poke
                0x0000000008000260       0x40 build/tof.o
                0x0000000008000260                ToF_Poke
 .text.ToF_Set_Address
                0x00000000080002a0       0x40 build/tof.o
                0x00000000080002a0                ToF_Set_Address
 .text.ToF_Init_Device
                0x00000000080002e0       0x48 build/tof.o
                0x00000000080002e0                ToF_Init_Device
 .text.ToF_Configure_Device
                0x0000000008000328      0x144 build/tof.o
                0x0000000008000328                ToF_Configure_Device
 .text.ToF_SetNewRange
                0x000000000800046c       0x74 build/tof.o
 .text.ToF_Poll_Measurement_Data
                0x00000000080004e0       0x80 build/tof.o
                0x00000000080004e0                ToF_Poll_Measurement_Data
 .text.ToF_Get_Last_Range
                0x0000000008000560       0x30 build/tof.o
                0x0000000008000560                ToF_Get_Last_Range
 .text.VL53L0X_GetOffsetCalibrationDataMicroMeter
                0x0000000008000590       0x28 build/vl53l0x_api.o
                0x0000000008000590                VL53L0X_GetOffsetCalibrationDataMicroMeter
 .text.VL53L0X_SetDeviceAddress
                0x00000000080005b8       0x30 build/vl53l0x_api.o
                0x00000000080005b8                VL53L0X_SetDeviceAddress
 .text.VL53L0X_DataInit
                0x00000000080005e8      0x2c8 build/vl53l0x_api.o
                0x00000000080005e8                VL53L0X_DataInit
 .text.VL53L0X_StaticInit
                0x00000000080008b0      0x308 build/vl53l0x_api.o
                0x00000000080008b0                VL53L0X_StaticInit
 .text.VL53L0X_GetDeviceParameters
                0x0000000008000bb8      0x120 build/vl53l0x_api.o
                0x0000000008000bb8                VL53L0X_GetDeviceParameters
 .text.VL53L0X_SetDeviceMode
                0x0000000008000cd8       0x90 build/vl53l0x_api.o
                0x0000000008000cd8                VL53L0X_SetDeviceMode
 .text.VL53L0X_GetDeviceMode
                0x0000000008000d68       0x28 build/vl53l0x_api.o
                0x0000000008000d68                VL53L0X_GetDeviceMode
 .text.VL53L0X_GetFractionEnable
                0x0000000008000d90       0x40 build/vl53l0x_api.o
                0x0000000008000d90                VL53L0X_GetFractionEnable
 .text.VL53L0X_SetMeasurementTimingBudgetMicroSeconds
                0x0000000008000dd0       0x28 build/vl53l0x_api.o
                0x0000000008000dd0                VL53L0X_SetMeasurementTimingBudgetMicroSeconds
 .text.VL53L0X_GetMeasurementTimingBudgetMicroSeconds
                0x0000000008000df8       0x28 build/vl53l0x_api.o
                0x0000000008000df8                VL53L0X_GetMeasurementTimingBudgetMicroSeconds
 .text.VL53L0X_SetVcselPulsePeriod
                0x0000000008000e20       0x34 build/vl53l0x_api.o
                0x0000000008000e20                VL53L0X_SetVcselPulsePeriod
 .text.VL53L0X_GetVcselPulsePeriod
                0x0000000008000e54       0x30 build/vl53l0x_api.o
                0x0000000008000e54                VL53L0X_GetVcselPulsePeriod
 .text.VL53L0X_SetSequenceStepEnable
                0x0000000008000e84      0x144 build/vl53l0x_api.o
                0x0000000008000e84                VL53L0X_SetSequenceStepEnable
 .text.sequence_step_enabled
                0x0000000008000fc8       0x9c build/vl53l0x_api.o
                0x0000000008000fc8                sequence_step_enabled
 .text.VL53L0X_GetSequenceStepEnables
                0x0000000008001064       0xb0 build/vl53l0x_api.o
                0x0000000008001064                VL53L0X_GetSequenceStepEnables
 .text.VL53L0X_GetInterMeasurementPeriodMilliSeconds
                0x0000000008001114       0x68 build/vl53l0x_api.o
                0x0000000008001114                VL53L0X_GetInterMeasurementPeriodMilliSeconds
 .text.VL53L0X_GetXTalkCompensationEnable
                0x000000000800117c       0x2c build/vl53l0x_api.o
                0x000000000800117c                VL53L0X_GetXTalkCompensationEnable
 .text.VL53L0X_GetXTalkCompensationRateMegaCps
                0x00000000080011a8       0x68 build/vl53l0x_api.o
                0x00000000080011a8                VL53L0X_GetXTalkCompensationRateMegaCps
 .text.VL53L0X_SetLimitCheckEnable
                0x0000000008001210      0x118 build/vl53l0x_api.o
                0x0000000008001210                VL53L0X_SetLimitCheckEnable
 .text.VL53L0X_GetLimitCheckEnable
                0x0000000008001328       0x48 build/vl53l0x_api.o
                0x0000000008001328                VL53L0X_GetLimitCheckEnable
 .text.VL53L0X_SetLimitCheckValue
                0x0000000008001370       0xc4 build/vl53l0x_api.o
                0x0000000008001370                VL53L0X_SetLimitCheckValue
 .text.VL53L0X_GetLimitCheckValue
                0x0000000008001434      0x11c build/vl53l0x_api.o
                0x0000000008001434                VL53L0X_GetLimitCheckValue
 .text.VL53L0X_GetWrapAroundCheckEnable
                0x0000000008001550       0x68 build/vl53l0x_api.o
                0x0000000008001550                VL53L0X_GetWrapAroundCheckEnable
 .text.VL53L0X_PerformSingleMeasurement
                0x00000000080015b8       0x68 build/vl53l0x_api.o
                0x00000000080015b8                VL53L0X_PerformSingleMeasurement
 .text.VL53L0X_PerformRefCalibration
                0x0000000008001620       0x2c build/vl53l0x_api.o
                0x0000000008001620                VL53L0X_PerformRefCalibration
 .text.VL53L0X_CheckAndLoadInterruptSettings
                0x000000000800164c       0xcc build/vl53l0x_api.o
                0x000000000800164c                VL53L0X_CheckAndLoadInterruptSettings
 .text.VL53L0X_StartMeasurement
                0x0000000008001718      0x178 build/vl53l0x_api.o
                0x0000000008001718                VL53L0X_StartMeasurement
 .text.VL53L0X_GetMeasurementDataReady
                0x0000000008001890       0x80 build/vl53l0x_api.o
                0x0000000008001890                VL53L0X_GetMeasurementDataReady
 .text.VL53L0X_GetRangingMeasurementData
                0x0000000008001910      0x250 build/vl53l0x_api.o
                0x0000000008001910                VL53L0X_GetRangingMeasurementData
 .text.VL53L0X_PerformSingleRangingMeasurement
                0x0000000008001b60       0x60 build/vl53l0x_api.o
                0x0000000008001b60                VL53L0X_PerformSingleRangingMeasurement
 .text.VL53L0X_SetGpioConfig
                0x0000000008001bc0      0x244 build/vl53l0x_api.o
                0x0000000008001bc0                VL53L0X_SetGpioConfig
 .text.VL53L0X_GetInterruptThresholds
                0x0000000008001e04       0x68 build/vl53l0x_api.o
                0x0000000008001e04                VL53L0X_GetInterruptThresholds
 .text.VL53L0X_ClearInterruptMask
                0x0000000008001e6c       0x80 build/vl53l0x_api.o
                0x0000000008001e6c                VL53L0X_ClearInterruptMask
 .text.VL53L0X_GetInterruptMaskStatus
                0x0000000008001eec       0x44 build/vl53l0x_api.o
                0x0000000008001eec                VL53L0X_GetInterruptMaskStatus
 .text.VL53L0X_PerformRefSpadManagement
                0x0000000008001f30       0x2c build/vl53l0x_api.o
                0x0000000008001f30                VL53L0X_PerformRefSpadManagement
 .text.VL53L0X_get_offset_calibration_data_micro_meter
                0x0000000008001f5c       0x80 build/vl53l0x_api_calibration.o
                0x0000000008001f5c                VL53L0X_get_offset_calibration_data_micro_meter
 .text.get_next_good_spad
                0x0000000008001fdc       0xbc build/vl53l0x_api_calibration.o
                0x0000000008001fdc                get_next_good_spad
 .text.is_aperture
                0x0000000008002098       0x34 build/vl53l0x_api_calibration.o
                0x0000000008002098                is_aperture
 .text.enable_spad_bit
                0x00000000080020cc       0x74 build/vl53l0x_api_calibration.o
                0x00000000080020cc                enable_spad_bit
 .text.set_ref_spad_map
                0x0000000008002140       0x28 build/vl53l0x_api_calibration.o
                0x0000000008002140                set_ref_spad_map
 .text.get_ref_spad_map
                0x0000000008002168       0x28 build/vl53l0x_api_calibration.o
                0x0000000008002168                get_ref_spad_map
 .text.enable_ref_spads
                0x0000000008002190       0xfc build/vl53l0x_api_calibration.o
                0x0000000008002190                enable_ref_spads
 .text.perform_ref_signal_measurement
                0x000000000800228c       0xd8 build/vl53l0x_api_calibration.o
                0x000000000800228c                perform_ref_signal_measurement
 .text.VL53L0X_perform_ref_spad_management
                0x0000000008002364      0x420 build/vl53l0x_api_calibration.o
                0x0000000008002364                VL53L0X_perform_ref_spad_management
 .text.VL53L0X_set_reference_spads
                0x0000000008002784      0x14c build/vl53l0x_api_calibration.o
                0x0000000008002784                VL53L0X_set_reference_spads
 .text.VL53L0X_perform_single_ref_calibration
                0x00000000080028d0       0x78 build/vl53l0x_api_calibration.o
                0x00000000080028d0                VL53L0X_perform_single_ref_calibration
 .text.VL53L0X_ref_calibration_io
                0x0000000008002948      0x134 build/vl53l0x_api_calibration.o
                0x0000000008002948                VL53L0X_ref_calibration_io
 .text.VL53L0X_perform_vhv_calibration
                0x0000000008002a7c       0xd0 build/vl53l0x_api_calibration.o
                0x0000000008002a7c                VL53L0X_perform_vhv_calibration
 .text.VL53L0X_perform_phase_calibration
                0x0000000008002b4c       0xcc build/vl53l0x_api_calibration.o
                0x0000000008002b4c                VL53L0X_perform_phase_calibration
 .text.VL53L0X_perform_ref_calibration
                0x0000000008002c18       0x80 build/vl53l0x_api_calibration.o
                0x0000000008002c18                VL53L0X_perform_ref_calibration
 .text.VL53L0X_measurement_poll_for_completion
                0x0000000008002c98       0x60 build/vl53l0x_api_core.o
                0x0000000008002c98                VL53L0X_measurement_poll_for_completion
 .text.VL53L0X_decode_vcsel_period
                0x0000000008002cf8       0x28 build/vl53l0x_api_core.o
                0x0000000008002cf8                VL53L0X_decode_vcsel_period
 .text.VL53L0X_encode_vcsel_period
                0x0000000008002d20       0x28 build/vl53l0x_api_core.o
                0x0000000008002d20                VL53L0X_encode_vcsel_period
 .text.VL53L0X_isqrt
                0x0000000008002d48       0x68 build/vl53l0x_api_core.o
                0x0000000008002d48                VL53L0X_isqrt
 .text.VL53L0X_device_read_strobe
                0x0000000008002db0       0x88 build/vl53l0x_api_core.o
                0x0000000008002db0                VL53L0X_device_read_strobe
 .text.VL53L0X_get_info_from_device
                0x0000000008002e38      0x99c build/vl53l0x_api_core.o
                0x0000000008002e38                VL53L0X_get_info_from_device
 .text.VL53L0X_calc_macro_period_ps
                0x00000000080037d4       0x3c build/vl53l0x_api_core.o
                0x00000000080037d4                VL53L0X_calc_macro_period_ps
 .text.VL53L0X_encode_timeout
                0x0000000008003810       0x58 build/vl53l0x_api_core.o
                0x0000000008003810                VL53L0X_encode_timeout
 .text.VL53L0X_decode_timeout
                0x0000000008003868       0x2c build/vl53l0x_api_core.o
                0x0000000008003868                VL53L0X_decode_timeout
 .text.VL53L0X_calc_timeout_mclks
                0x0000000008003894       0x54 build/vl53l0x_api_core.o
                0x0000000008003894                VL53L0X_calc_timeout_mclks
 .text.VL53L0X_calc_timeout_us
                0x00000000080038e8       0x54 build/vl53l0x_api_core.o
                0x00000000080038e8                VL53L0X_calc_timeout_us
 .text.get_sequence_step_timeout
                0x000000000800393c      0x1cc build/vl53l0x_api_core.o
                0x000000000800393c                get_sequence_step_timeout
 .text.set_sequence_step_timeout
                0x0000000008003b08      0x1e8 build/vl53l0x_api_core.o
                0x0000000008003b08                set_sequence_step_timeout
 .text.VL53L0X_set_vcsel_pulse_period
                0x0000000008003cf0      0x514 build/vl53l0x_api_core.o
                0x0000000008003cf0                VL53L0X_set_vcsel_pulse_period
 .text.VL53L0X_get_vcsel_pulse_period
                0x0000000008004204       0x70 build/vl53l0x_api_core.o
                0x0000000008004204                VL53L0X_get_vcsel_pulse_period
 .text.VL53L0X_set_measurement_timing_budget_micro_seconds
                0x0000000008004274      0x1c4 build/vl53l0x_api_core.o
                0x0000000008004274                VL53L0X_set_measurement_timing_budget_micro_seconds
 .text.VL53L0X_get_measurement_timing_budget_micro_seconds
                0x0000000008004438      0x164 build/vl53l0x_api_core.o
                0x0000000008004438                VL53L0X_get_measurement_timing_budget_micro_seconds
 .text.VL53L0X_load_tuning_settings
                0x000000000800459c      0x1c4 build/vl53l0x_api_core.o
                0x000000000800459c                VL53L0X_load_tuning_settings
 .text.VL53L0X_get_total_xtalk_rate
                0x0000000008004760       0x60 build/vl53l0x_api_core.o
                0x0000000008004760                VL53L0X_get_total_xtalk_rate
 .text.VL53L0X_get_total_signal_rate
                0x00000000080047c0       0x4c build/vl53l0x_api_core.o
                0x00000000080047c0                VL53L0X_get_total_signal_rate
 .text.VL53L0X_calc_dmax
                0x000000000800480c      0x244 build/vl53l0x_api_core.o
                0x000000000800480c                VL53L0X_calc_dmax
 .text.VL53L0X_calc_sigma_estimate
                0x0000000008004a50      0x4a8 build/vl53l0x_api_core.o
                0x0000000008004a50                VL53L0X_calc_sigma_estimate
 .text.VL53L0X_get_pal_range_status
                0x0000000008004ef8      0x3b8 build/vl53l0x_api_core.o
                0x0000000008004ef8                VL53L0X_get_pal_range_status
 .text._I2CWrite
                0x00000000080052b0       0x44 build/vl53l0x_platform.o
                0x00000000080052b0                _I2CWrite
 .text._I2CRead
                0x00000000080052f4       0x48 build/vl53l0x_platform.o
                0x00000000080052f4                _I2CRead
 .text.VL53L0X_WriteMulti
                0x000000000800533c       0x5c build/vl53l0x_platform.o
                0x000000000800533c                VL53L0X_WriteMulti
 .text.VL53L0X_ReadMulti
                0x0000000008005398       0x54 build/vl53l0x_platform.o
                0x0000000008005398                VL53L0X_ReadMulti
 .text.VL53L0X_WrByte
                0x00000000080053ec       0x48 build/vl53l0x_platform.o
                0x00000000080053ec                VL53L0X_WrByte
 .text.VL53L0X_WrWord
                0x0000000008005434       0x54 build/vl53l0x_platform.o
                0x0000000008005434                VL53L0X_WrWord
 .text.VL53L0X_UpdateByte
                0x0000000008005488       0x6c build/vl53l0x_platform.o
                0x0000000008005488                VL53L0X_UpdateByte
 .text.VL53L0X_RdByte
                0x00000000080054f4       0x50 build/vl53l0x_platform.o
                0x00000000080054f4                VL53L0X_RdByte
 .text.VL53L0X_RdWord
                0x0000000008005544       0x70 build/vl53l0x_platform.o
                0x0000000008005544                VL53L0X_RdWord
 .text.VL53L0X_RdDWord
                0x00000000080055b4       0x78 build/vl53l0x_platform.o
                0x00000000080055b4                VL53L0X_RdDWord
 .text.VL53L0X_PollingDelay
                0x000000000800562c       0x20 build/vl53l0x_platform.o
                0x000000000800562c                VL53L0X_PollingDelay
 .text.main     0x000000000800564c       0x74 build/main.o
                0x000000000800564c                main
 .text.SystemClock_Config
                0x00000000080056c0       0xb8 build/main.o
                0x00000000080056c0                SystemClock_Config
 .text.Init_ToF
                0x0000000008005778       0xf8 build/main.o
 .text._Error_Handler
                0x0000000008005870        0xc build/main.o
                0x0000000008005870                _Error_Handler
 .text.MX_GPIO_Init
                0x000000000800587c       0xe8 build/gpio.o
                0x000000000800587c                MX_GPIO_Init
 .text.MX_CAN_Init
                0x0000000008005964       0x70 build/can.o
                0x0000000008005964                MX_CAN_Init
 .text.HAL_CAN_MspInit
                0x00000000080059d4       0x5c build/can.o
                0x00000000080059d4                HAL_CAN_MspInit
 .text.MX_I2C1_Init
                0x0000000008005a30       0x8c build/i2c.o
                0x0000000008005a30                MX_I2C1_Init
 .text.HAL_I2C_MspInit
                0x0000000008005abc       0x80 build/i2c.o
                0x0000000008005abc                HAL_I2C_MspInit
 .text.MX_TIM1_Init
                0x0000000008005b3c       0x9c build/tim.o
                0x0000000008005b3c                MX_TIM1_Init
 .text.MX_TIM2_Init
                0x0000000008005bd8       0x90 build/tim.o
                0x0000000008005bd8                MX_TIM2_Init
 .text.HAL_TIM_Base_MspInit
                0x0000000008005c68       0x60 build/tim.o
                0x0000000008005c68                HAL_TIM_Base_MspInit
 .text.MX_USART1_UART_Init
                0x0000000008005cc8       0x64 build/usart.o
                0x0000000008005cc8                MX_USART1_UART_Init
 .text.HAL_UART_MspInit
                0x0000000008005d2c       0x5c build/usart.o
                0x0000000008005d2c                HAL_UART_MspInit
 .text.NMI_Handler
                0x0000000008005d88        0xc build/stm32f3xx_it.o
                0x0000000008005d88                NMI_Handler
 .text.HardFault_Handler
                0x0000000008005d94        0x8 build/stm32f3xx_it.o
                0x0000000008005d94                HardFault_Handler
 .text.MemManage_Handler
                0x0000000008005d9c        0x8 build/stm32f3xx_it.o
                0x0000000008005d9c                MemManage_Handler
 .text.BusFault_Handler
                0x0000000008005da4        0x8 build/stm32f3xx_it.o
                0x0000000008005da4                BusFault_Handler
 .text.UsageFault_Handler
                0x0000000008005dac        0x8 build/stm32f3xx_it.o
                0x0000000008005dac                UsageFault_Handler
 .text.SVC_Handler
                0x0000000008005db4        0xc build/stm32f3xx_it.o
                0x0000000008005db4                SVC_Handler
 .text.DebugMon_Handler
                0x0000000008005dc0        0xc build/stm32f3xx_it.o
                0x0000000008005dc0                DebugMon_Handler
 .text.PendSV_Handler
                0x0000000008005dcc        0xc build/stm32f3xx_it.o
                0x0000000008005dcc                PendSV_Handler
 .text.SysTick_Handler
                0x0000000008005dd8       0x10 build/stm32f3xx_it.o
                0x0000000008005dd8                SysTick_Handler
 .text.HAL_MspInit
                0x0000000008005de8       0x9c build/stm32f3xx_hal_msp.o
                0x0000000008005de8                HAL_MspInit
 .text.HAL_CAN_Init
                0x0000000008005e84      0x1f4 build/stm32f3xx_hal_can.o
                0x0000000008005e84                HAL_CAN_Init
 .text.HAL_I2C_Init
                0x0000000008006078      0x11c build/stm32f3xx_hal_i2c.o
                0x0000000008006078                HAL_I2C_Init
 .text.HAL_I2C_Master_Transmit
                0x0000000008006194      0x200 build/stm32f3xx_hal_i2c.o
                0x0000000008006194                HAL_I2C_Master_Transmit
 .text.HAL_I2C_Master_Receive
                0x0000000008006394      0x204 build/stm32f3xx_hal_i2c.o
                0x0000000008006394                HAL_I2C_Master_Receive
 .text.I2C_Flush_TXDR
                0x0000000008006598       0x48 build/stm32f3xx_hal_i2c.o
 .text.I2C_WaitOnFlagUntilTimeout
                0x00000000080065e0       0x74 build/stm32f3xx_hal_i2c.o
 .text.I2C_WaitOnTXISFlagUntilTimeout
                0x0000000008006654       0x80 build/stm32f3xx_hal_i2c.o
 .text.I2C_WaitOnSTOPFlagUntilTimeout
                0x00000000080066d4       0x78 build/stm32f3xx_hal_i2c.o
 .text.I2C_WaitOnRXNEFlagUntilTimeout
                0x000000000800674c       0xd8 build/stm32f3xx_hal_i2c.o
 .text.I2C_IsAcknowledgeFailed
                0x0000000008006824       0xbc build/stm32f3xx_hal_i2c.o
 .text.I2C_TransferConfig
                0x00000000080068e0       0x58 build/stm32f3xx_hal_i2c.o
 .text.HAL_I2CEx_ConfigAnalogFilter
                0x0000000008006938       0x98 build/stm32f3xx_hal_i2c_ex.o
                0x0000000008006938                HAL_I2CEx_ConfigAnalogFilter
 .text.HAL_I2CEx_ConfigDigitalFilter
                0x00000000080069d0       0x9c build/stm32f3xx_hal_i2c_ex.o
                0x00000000080069d0                HAL_I2CEx_ConfigDigitalFilter
 .text.HAL_TIM_Base_Init
                0x0000000008006a6c       0x58 build/stm32f3xx_hal_tim.o
                0x0000000008006a6c                HAL_TIM_Base_Init
 .text.HAL_TIM_ConfigClockSource
                0x0000000008006ac4      0x1d4 build/stm32f3xx_hal_tim.o
                0x0000000008006ac4                HAL_TIM_ConfigClockSource
 .text.TIM_Base_SetConfig
                0x0000000008006c98       0xf0 build/stm32f3xx_hal_tim.o
                0x0000000008006c98                TIM_Base_SetConfig
 .text.TIM_TI1_ConfigInputStage
                0x0000000008006d88       0x64 build/stm32f3xx_hal_tim.o
 .text.TIM_TI2_ConfigInputStage
                0x0000000008006dec       0x68 build/stm32f3xx_hal_tim.o
 .text.TIM_ITRx_SetConfig
                0x0000000008006e54       0x40 build/stm32f3xx_hal_tim.o
 .text.TIM_ETR_SetConfig
                0x0000000008006e94       0x44 build/stm32f3xx_hal_tim.o
                0x0000000008006e94                TIM_ETR_SetConfig
 .text.HAL_TIMEx_MasterConfigSynchronization
                0x0000000008006ed8       0x9c build/stm32f3xx_hal_tim_ex.o
                0x0000000008006ed8                HAL_TIMEx_MasterConfigSynchronization
 .text.HAL_UART_Init
                0x0000000008006f74       0xa4 build/stm32f3xx_hal_uart.o
                0x0000000008006f74                HAL_UART_Init
 .text.UART_SetConfig
                0x0000000008007018      0x2c8 build/stm32f3xx_hal_uart.o
                0x0000000008007018                UART_SetConfig
 .text.UART_AdvFeatureConfig
                0x00000000080072e0      0x144 build/stm32f3xx_hal_uart.o
                0x00000000080072e0                UART_AdvFeatureConfig
 .text.UART_CheckIdleState
                0x0000000008007424       0x94 build/stm32f3xx_hal_uart.o
                0x0000000008007424                UART_CheckIdleState
 .text.UART_WaitOnFlagUntilTimeout
                0x00000000080074b8       0x94 build/stm32f3xx_hal_uart.o
                0x00000000080074b8                UART_WaitOnFlagUntilTimeout
 .text.HAL_Init
                0x000000000800754c       0x2c build/stm32f3xx_hal.o
                0x000000000800754c                HAL_Init
 .text.HAL_InitTick
                0x0000000008007578       0x60 build/stm32f3xx_hal.o
                0x0000000008007578                HAL_InitTick
 .text.HAL_IncTick
                0x00000000080075d8       0x24 build/stm32f3xx_hal.o
                0x00000000080075d8                HAL_IncTick
 .text.HAL_GetTick
                0x00000000080075fc       0x18 build/stm32f3xx_hal.o
                0x00000000080075fc                HAL_GetTick
 .text.HAL_Delay
                0x0000000008007614       0x44 build/stm32f3xx_hal.o
                0x0000000008007614                HAL_Delay
 .text.HAL_RCC_OscConfig
                0x0000000008007658     0x11a0 build/stm32f3xx_hal_rcc.o
                0x0000000008007658                HAL_RCC_OscConfig
 .text.HAL_RCC_ClockConfig
                0x00000000080087f8      0x3b4 build/stm32f3xx_hal_rcc.o
                0x00000000080087f8                HAL_RCC_ClockConfig
 .text.HAL_RCC_GetSysClockFreq
                0x0000000008008bac       0xd4 build/stm32f3xx_hal_rcc.o
                0x0000000008008bac                HAL_RCC_GetSysClockFreq
 .text.HAL_RCC_GetHCLKFreq
                0x0000000008008c80       0x18 build/stm32f3xx_hal_rcc.o
                0x0000000008008c80                HAL_RCC_GetHCLKFreq
 .text.HAL_RCC_GetPCLK1Freq
                0x0000000008008c98       0x44 build/stm32f3xx_hal_rcc.o
                0x0000000008008c98                HAL_RCC_GetPCLK1Freq
 .text.HAL_RCC_GetPCLK2Freq
                0x0000000008008cdc       0x44 build/stm32f3xx_hal_rcc.o
                0x0000000008008cdc                HAL_RCC_GetPCLK2Freq
 .text.HAL_RCCEx_PeriphCLKConfig
                0x0000000008008d20      0x28c build/stm32f3xx_hal_rcc_ex.o
                0x0000000008008d20                HAL_RCCEx_PeriphCLKConfig
 .text.HAL_GPIO_Init
                0x0000000008008fac      0x2e0 build/stm32f3xx_hal_gpio.o
                0x0000000008008fac                HAL_GPIO_Init
 .text.HAL_GPIO_WritePin
                0x000000000800928c       0x30 build/stm32f3xx_hal_gpio.o
                0x000000000800928c                HAL_GPIO_WritePin
 .text.HAL_GPIO_TogglePin
                0x00000000080092bc       0x24 build/stm32f3xx_hal_gpio.o
                0x00000000080092bc                HAL_GPIO_TogglePin
 .text.NVIC_SetPriorityGrouping
                0x00000000080092e0       0x48 build/stm32f3xx_hal_cortex.o
 .text.NVIC_GetPriorityGrouping
                0x0000000008009328       0x1c build/stm32f3xx_hal_cortex.o
 .text.NVIC_SetPriority
                0x0000000008009344       0x54 build/stm32f3xx_hal_cortex.o
 .text.NVIC_EncodePriority
                0x0000000008009398       0x64 build/stm32f3xx_hal_cortex.o
 .text.SysTick_Config
                0x00000000080093fc       0x44 build/stm32f3xx_hal_cortex.o
 .text.HAL_NVIC_SetPriorityGrouping
                0x0000000008009440       0x14 build/stm32f3xx_hal_cortex.o
                0x0000000008009440                HAL_NVIC_SetPriorityGrouping
 .text.HAL_NVIC_SetPriority
                0x0000000008009454       0x38 build/stm32f3xx_hal_cortex.o
                0x0000000008009454                HAL_NVIC_SetPriority
 .text.HAL_SYSTICK_Config
                0x000000000800948c       0x18 build/stm32f3xx_hal_cortex.o
                0x000000000800948c                HAL_SYSTICK_Config
 .text.HAL_SYSTICK_CLKSourceConfig
                0x00000000080094a4       0x38 build/stm32f3xx_hal_cortex.o
                0x00000000080094a4                HAL_SYSTICK_CLKSourceConfig
 .text.HAL_SYSTICK_IRQHandler
                0x00000000080094dc        0xc build/stm32f3xx_hal_cortex.o
                0x00000000080094dc                HAL_SYSTICK_IRQHandler
 .text.HAL_SYSTICK_Callback
                0x00000000080094e8        0xc build/stm32f3xx_hal_cortex.o
                0x00000000080094e8                HAL_SYSTICK_Callback
 .text.SystemInit
                0x00000000080094f4       0x94 build/system_stm32f3xx.o
                0x00000000080094f4                SystemInit
 .text.Reset_Handler
                0x0000000008009588       0x50 build/startup_stm32f303x8.o
                0x0000000008009588                Reset_Handler
 .text.Default_Handler
                0x00000000080095d8        0x2 build/startup_stm32f303x8.o
                0x00000000080095d8                RTC_Alarm_IRQHandler
                0x00000000080095d8                TIM1_CC_IRQHandler
                0x00000000080095d8                PVD_IRQHandler
                0x00000000080095d8                TAMP_STAMP_IRQHandler
                0x00000000080095d8                EXTI3_IRQHandler
                0x00000000080095d8                EXTI0_IRQHandler
                0x00000000080095d8                FPU_IRQHandler
                0x00000000080095d8                CAN_TX_IRQHandler
                0x00000000080095d8                TIM1_UP_TIM16_IRQHandler
                0x00000000080095d8                ADC1_2_IRQHandler
                0x00000000080095d8                SPI1_IRQHandler
                0x00000000080095d8                CAN_SCE_IRQHandler
                0x00000000080095d8                DMA1_Channel4_IRQHandler
                0x00000000080095d8                USART3_IRQHandler
                0x00000000080095d8                DMA1_Channel7_IRQHandler
                0x00000000080095d8                TIM7_DAC2_IRQHandler
                0x00000000080095d8                CAN_RX1_IRQHandler
                0x00000000080095d8                I2C1_EV_IRQHandler
                0x00000000080095d8                DMA1_Channel6_IRQHandler
                0x00000000080095d8                TIM3_IRQHandler
                0x00000000080095d8                RCC_IRQHandler
                0x00000000080095d8                DMA1_Channel1_IRQHandler
                0x00000000080095d8                Default_Handler
                0x00000000080095d8                EXTI15_10_IRQHandler
                0x00000000080095d8                COMP2_IRQHandler
                0x00000000080095d8                TIM6_DAC1_IRQHandler
                0x00000000080095d8                EXTI9_5_IRQHandler
                0x00000000080095d8                RTC_WKUP_IRQHandler
                0x00000000080095d8                DMA1_Channel5_IRQHandler
                0x00000000080095d8                EXTI4_IRQHandler
                0x00000000080095d8                TIM1_TRG_COM_TIM17_IRQHandler
                0x00000000080095d8                DMA1_Channel3_IRQHandler
                0x00000000080095d8                WWDG_IRQHandler
                0x00000000080095d8                TIM2_IRQHandler
                0x00000000080095d8                EXTI1_IRQHandler
                0x00000000080095d8                COMP4_6_IRQHandler
                0x00000000080095d8                USART2_IRQHandler
                0x00000000080095d8                DMA1_Channel2_IRQHandler
                0x00000000080095d8                FLASH_IRQHandler
                0x00000000080095d8                USART1_IRQHandler
                0x00000000080095d8                CAN_RX0_IRQHandler
                0x00000000080095d8                I2C1_ER_IRQHandler
                0x00000000080095d8                EXTI2_TSC_IRQHandler
                0x00000000080095d8                TIM1_BRK_TIM15_IRQHandler
 *fill*         0x00000000080095da        0x2 
 .text.__libc_init_array
                0x00000000080095dc       0x4c /usr/lib/gcc/arm-none-eabi/4.9.3/../../../arm-none-eabi/lib/armv7e-m/fpu/libc_nano.a(lib_a-init.o)
                0x00000000080095dc                __libc_init_array
 .text.memcpy   0x0000000008009628       0x16 /usr/lib/gcc/arm-none-eabi/4.9.3/../../../arm-none-eabi/lib/armv7e-m/fpu/libc_nano.a(lib_a-memcpy.o)
                0x0000000008009628                memcpy
 .text.memset   0x000000000800963e       0x10 /usr/lib/gcc/arm-none-eabi/4.9.3/../../../arm-none-eabi/lib/armv7e-m/fpu/libc_nano.a(lib_a-memset.o)
                0x000000000800963e                memset
 .text.strcpy   0x000000000800964e       0x10 /usr/lib/gcc/arm-none-eabi/4.9.3/../../../arm-none-eabi/lib/armv7e-m/fpu/libc_nano.a(lib_a-strcpy.o)
                0x000000000800964e                strcpy
 *(.glue_7)
 .glue_7        0x000000000800965e        0x0 linker stubs
 *(.glue_7t)
 .glue_7t       0x000000000800965e        0x0 linker stubs
 *(.eh_frame)
 *fill*         0x000000000800965e        0x2 
 .eh_frame      0x0000000008009660        0x0 /usr/lib/gcc/arm-none-eabi/4.9.3/armv7e-m/fpu/crtbegin.o
 *(.init)
 .init          0x0000000008009660        0x4 /usr/lib/gcc/arm-none-eabi/4.9.3/armv7e-m/fpu/crti.o
                0x0000000008009660                _init
 .init          0x0000000008009664        0x8 /usr/lib/gcc/arm-none-eabi/4.9.3/armv7e-m/fpu/crtn.o
 *(.fini)
 .fini          0x000000000800966c        0x4 /usr/lib/gcc/arm-none-eabi/4.9.3/armv7e-m/fpu/crti.o
                0x000000000800966c                _fini
 .fini          0x0000000008009670        0x8 /usr/lib/gcc/arm-none-eabi/4.9.3/armv7e-m/fpu/crtn.o
                0x0000000008009678                . = ALIGN (0x4)
                0x0000000008009678                _etext = .

.vfp11_veneer   0x0000000008009678        0x0
 .vfp11_veneer  0x0000000008009678        0x0 linker stubs

.v4_bx          0x0000000008009678        0x0
 .v4_bx         0x0000000008009678        0x0 linker stubs

.iplt           0x0000000008009678        0x0
 .iplt          0x0000000008009678        0x0 /usr/lib/gcc/arm-none-eabi/4.9.3/armv7e-m/fpu/crtbegin.o

.rodata         0x0000000008009678       0x74
                0x0000000008009678                . = ALIGN (0x4)
 *(.rodata)
 .rodata        0x0000000008009678        0xb build/main.o
 *fill*         0x0000000008009683        0x1 
 .rodata        0x0000000008009684        0xa build/can.o
 *fill*         0x000000000800968e        0x2 
 .rodata        0x0000000008009690        0xa build/i2c.o
 *fill*         0x000000000800969a        0x2 
 .rodata        0x000000000800969c        0xa build/tim.o
 *fill*         0x00000000080096a6        0x2 
 .rodata        0x00000000080096a8        0xc build/usart.o
 *(.rodata*)
 .rodata.aPLLMULFactorTable
                0x00000000080096b4       0x10 build/stm32f3xx_hal_rcc.o
                0x00000000080096b4                aPLLMULFactorTable
 .rodata.aPredivFactorTable
                0x00000000080096c4       0x10 build/stm32f3xx_hal_rcc.o
                0x00000000080096c4                aPredivFactorTable
 .rodata.AHBPrescTable
                0x00000000080096d4       0x10 build/system_stm32f3xx.o
                0x00000000080096d4                AHBPrescTable
 .rodata.APBPrescTable
                0x00000000080096e4        0x8 build/system_stm32f3xx.o
                0x00000000080096e4                APBPrescTable
                0x00000000080096ec                . = ALIGN (0x4)

.rel.dyn        0x00000000080096ec        0x0
 .rel.iplt      0x00000000080096ec        0x0 /usr/lib/gcc/arm-none-eabi/4.9.3/armv7e-m/fpu/crtbegin.o

.ARM.extab
 *(.ARM.extab* .gnu.linkonce.armextab.*)

.ARM            0x00000000080096ec        0x0
                0x00000000080096ec                __exidx_start = .
 *(.ARM.exidx*)
                0x00000000080096ec                __exidx_end = .

.preinit_array  0x00000000080096ec        0x0
                0x00000000080096ec                PROVIDE (__preinit_array_start, .)
 *(.preinit_array*)
                0x00000000080096ec                PROVIDE (__preinit_array_end, .)

.init_array     0x00000000080096ec        0x4
                0x00000000080096ec                PROVIDE (__init_array_start, .)
 *(SORT(.init_array.*))
 *(.init_array*)
 .init_array    0x00000000080096ec        0x4 /usr/lib/gcc/arm-none-eabi/4.9.3/armv7e-m/fpu/crtbegin.o
                0x00000000080096f0                PROVIDE (__init_array_end, .)

.fini_array     0x00000000080096f0        0x4
                0x00000000080096f0                PROVIDE (__fini_array_start, .)
 *(SORT(.fini_array.*))
 *(.fini_array*)
 .fini_array    0x00000000080096f0        0x4 /usr/lib/gcc/arm-none-eabi/4.9.3/armv7e-m/fpu/crtbegin.o
                0x00000000080096f4                PROVIDE (__fini_array_end, .)
                0x00000000080096f4                _sidata = LOADADDR (.data)

.data           0x0000000020000000      0x2cc load address 0x00000000080096f4
                0x0000000020000000                . = ALIGN (0x4)
                0x0000000020000000                _sdata = .
 *(.data)
 *(.data*)
 .data.LeakyFactorFix8.8478
                0x0000000020000000        0x4 build/tof.o
 .data.DefaultTuningSettings
                0x0000000020000004       0xf3 build/vl53l0x_api.o
                0x0000000020000004                DefaultTuningSettings
 *fill*         0x00000000200000f7        0x1 
 .data.InterruptThresholdSettings
                0x00000000200000f8      0x1b6 build/vl53l0x_api.o
                0x00000000200000f8                InterruptThresholdSettings
 *fill*         0x00000000200002ae        0x2 
 .data.refArrayQuadrants
                0x00000000200002b0       0x10 build/vl53l0x_api_calibration.o
                0x00000000200002b0                refArrayQuadrants
 .data.uwTickPrio
                0x00000000200002c0        0x4 build/stm32f3xx_hal.o
                0x00000000200002c0                uwTickPrio
 .data.uwTickFreq
                0x00000000200002c4        0x1 build/stm32f3xx_hal.o
                0x00000000200002c4                uwTickFreq
 *fill*         0x00000000200002c5        0x3 
 .data.SystemCoreClock
                0x00000000200002c8        0x4 build/system_stm32f3xx.o
                0x00000000200002c8                SystemCoreClock
                0x00000000200002cc                . = ALIGN (0x4)
                0x00000000200002cc                _edata = .
                0x00000000080099c0                _siccmram = LOADADDR (.ccmram)

.jcr            0x00000000200002cc        0x0 load address 0x00000000080099c0
 .jcr           0x00000000200002cc        0x0 /usr/lib/gcc/arm-none-eabi/4.9.3/armv7e-m/fpu/crtbegin.o

.tm_clone_table
                0x00000000200002cc        0x0 load address 0x00000000080099c0
 .tm_clone_table
                0x00000000200002cc        0x0 /usr/lib/gcc/arm-none-eabi/4.9.3/armv7e-m/fpu/crtbegin.o
 .tm_clone_table
                0x00000000200002cc        0x0 /usr/lib/gcc/arm-none-eabi/4.9.3/armv7e-m/fpu/crtend.o

.igot.plt       0x00000000200002cc        0x0 load address 0x00000000080099c0
 .igot.plt      0x00000000200002cc        0x0 /usr/lib/gcc/arm-none-eabi/4.9.3/armv7e-m/fpu/crtbegin.o

.ccmram         0x0000000010000000        0x0 load address 0x00000000080099c0
                0x0000000010000000                . = ALIGN (0x4)
                0x0000000010000000                _sccmram = .
 *(.ccmram)
 *(.ccmram*)
                0x0000000010000000                . = ALIGN (0x4)
                0x0000000010000000                _eccmram = .
                0x0000000010000000                . = ALIGN (0x4)

.bss            0x00000000200002cc      0x370
                0x00000000200002cc                _sbss = .
                0x00000000200002cc                __bss_start__ = _sbss
 *(.bss)
 .bss           0x00000000200002cc       0x1c /usr/lib/gcc/arm-none-eabi/4.9.3/armv7e-m/fpu/crtbegin.o
 *(.bss*)
 *(COMMON)
 COMMON         0x00000000200002e8       0x40 build/vl53l0x_platform.o
                0x00000000200002e8                _I2CBuffer
 COMMON         0x0000000020000328      0x1ac build/main.o
                0x0000000020000328                tof
 COMMON         0x00000000200004d4       0x28 build/can.o
                0x00000000200004d4                hcan
 COMMON         0x00000000200004fc       0x4c build/i2c.o
                0x00000000200004fc                hi2c1
 COMMON         0x0000000020000548       0x80 build/tim.o
                0x0000000020000548                htim1
                0x0000000020000588                htim2
 COMMON         0x00000000200005c8       0x70 build/usart.o
                0x00000000200005c8                huart1
 COMMON         0x0000000020000638        0x4 build/stm32f3xx_hal.o
                0x0000000020000638                uwTick
                0x000000002000063c                . = ALIGN (0x4)
                0x000000002000063c                _ebss = .
                0x000000002000063c                __bss_end__ = _ebss

._user_heap_stack
                0x000000002000063c      0x604
                0x0000000020000640                . = ALIGN (0x8)
 *fill*         0x000000002000063c        0x4 
                [!provide]                        PROVIDE (end, .)
                [!provide]                        PROVIDE (_end, .)
                0x0000000020000840                . = (. + _Min_Heap_Size)
 *fill*         0x0000000020000640      0x200 
                0x0000000020000c40                . = (. + _Min_Stack_Size)
 *fill*         0x0000000020000840      0x400 
                0x0000000020000c40                . = ALIGN (0x8)

/DISCARD/
 libc.a(*)
 libm.a(*)
 libgcc.a(*)

.ARM.attributes
                0x0000000000000000       0x30
 *(.ARM.attributes)
 .ARM.attributes
                0x0000000000000000       0x22 /usr/lib/gcc/arm-none-eabi/4.9.3/armv7e-m/fpu/crti.o
 .ARM.attributes
                0x0000000000000022       0x34 /usr/lib/gcc/arm-none-eabi/4.9.3/armv7e-m/fpu/crtbegin.o
 .ARM.attributes
                0x0000000000000056       0x39 build/tof.o
 .ARM.attributes
                0x000000000000008f       0x39 build/vl53l0x_api.o
 .ARM.attributes
                0x00000000000000c8       0x39 build/vl53l0x_api_calibration.o
 .ARM.attributes
                0x0000000000000101       0x39 build/vl53l0x_api_core.o
 .ARM.attributes
                0x000000000000013a       0x39 build/vl53l0x_platform.o
 .ARM.attributes
                0x0000000000000173       0x39 build/main.o
 .ARM.attributes
                0x00000000000001ac       0x39 build/gpio.o
 .ARM.attributes
                0x00000000000001e5       0x39 build/can.o
 .ARM.attributes
                0x000000000000021e       0x39 build/i2c.o
 .ARM.attributes
                0x0000000000000257       0x39 build/tim.o
 .ARM.attributes
                0x0000000000000290       0x39 build/usart.o
 .ARM.attributes
                0x00000000000002c9       0x39 build/stm32f3xx_it.o
 .ARM.attributes
                0x0000000000000302       0x39 build/stm32f3xx_hal_msp.o
 .ARM.attributes
                0x000000000000033b       0x39 build/stm32f3xx_hal_can.o
 .ARM.attributes
                0x0000000000000374       0x39 build/stm32f3xx_hal_i2c.o
 .ARM.attributes
                0x00000000000003ad       0x39 build/stm32f3xx_hal_i2c_ex.o
 .ARM.attributes
                0x00000000000003e6       0x39 build/stm32f3xx_hal_tim.o
 .ARM.attributes
                0x000000000000041f       0x39 build/stm32f3xx_hal_tim_ex.o
 .ARM.attributes
                0x0000000000000458       0x39 build/stm32f3xx_hal_uart.o
 .ARM.attributes
                0x0000000000000491       0x39 build/stm32f3xx_hal.o
 .ARM.attributes
                0x00000000000004ca       0x39 build/stm32f3xx_hal_rcc.o
 .ARM.attributes
                0x0000000000000503       0x39 build/stm32f3xx_hal_rcc_ex.o
 .ARM.attributes
                0x000000000000053c       0x39 build/stm32f3xx_hal_gpio.o
 .ARM.attributes
                0x0000000000000575       0x39 build/stm32f3xx_hal_cortex.o
 .ARM.attributes
                0x00000000000005ae       0x39 build/system_stm32f3xx.o
 .ARM.attributes
                0x00000000000005e7       0x21 build/startup_stm32f303x8.o
 .ARM.attributes
                0x0000000000000608       0x34 /usr/lib/gcc/arm-none-eabi/4.9.3/../../../arm-none-eabi/lib/armv7e-m/fpu/libc_nano.a(lib_a-init.o)
 .ARM.attributes
                0x000000000000063c       0x34 /usr/lib/gcc/arm-none-eabi/4.9.3/../../../arm-none-eabi/lib/armv7e-m/fpu/libc_nano.a(lib_a-memcpy.o)
 .ARM.attributes
                0x0000000000000670       0x34 /usr/lib/gcc/arm-none-eabi/4.9.3/../../../arm-none-eabi/lib/armv7e-m/fpu/libc_nano.a(lib_a-memset.o)
 .ARM.attributes
                0x00000000000006a4       0x34 /usr/lib/gcc/arm-none-eabi/4.9.3/../../../arm-none-eabi/lib/armv7e-m/fpu/libc_nano.a(lib_a-strcpy.o)
 .ARM.attributes
                0x00000000000006d8       0x34 /usr/lib/gcc/arm-none-eabi/4.9.3/armv7e-m/fpu/crtend.o
 .ARM.attributes
                0x000000000000070c       0x22 /usr/lib/gcc/arm-none-eabi/4.9.3/armv7e-m/fpu/crtn.o
OUTPUT(build/ToToF.elf elf32-littlearm)

.comment        0x0000000000000000       0x70
 .comment       0x0000000000000000       0x38 /usr/lib/gcc/arm-none-eabi/4.9.3/armv7e-m/fpu/crtbegin.o
                                         0x39 (size before relaxing)
 .comment       0x0000000000000038       0x39 build/tof.o
 .comment       0x0000000000000038       0x39 build/vl53l0x_api.o
 .comment       0x0000000000000038       0x39 build/vl53l0x_api_calibration.o
 .comment       0x0000000000000038       0x39 build/vl53l0x_api_core.o
 .comment       0x0000000000000038       0x39 build/vl53l0x_platform.o
 .comment       0x0000000000000038       0x39 build/main.o
 .comment       0x0000000000000038       0x39 build/gpio.o
 .comment       0x0000000000000038       0x39 build/can.o
 .comment       0x0000000000000038       0x39 build/i2c.o
 .comment       0x0000000000000038       0x39 build/tim.o
 .comment       0x0000000000000038       0x39 build/usart.o
 .comment       0x0000000000000038       0x39 build/stm32f3xx_it.o
 .comment       0x0000000000000038       0x39 build/stm32f3xx_hal_msp.o
 .comment       0x0000000000000038       0x39 build/stm32f3xx_hal_can.o
 .comment       0x0000000000000038       0x39 build/stm32f3xx_hal_i2c.o
 .comment       0x0000000000000038       0x39 build/stm32f3xx_hal_i2c_ex.o
 .comment       0x0000000000000038       0x39 build/stm32f3xx_hal_tim.o
 .comment       0x0000000000000038       0x39 build/stm32f3xx_hal_tim_ex.o
 .comment       0x0000000000000038       0x39 build/stm32f3xx_hal_uart.o
 .comment       0x0000000000000038       0x39 build/stm32f3xx_hal.o
 .comment       0x0000000000000038       0x39 build/stm32f3xx_hal_rcc.o
 .comment       0x0000000000000038       0x39 build/stm32f3xx_hal_rcc_ex.o
 .comment       0x0000000000000038       0x39 build/stm32f3xx_hal_gpio.o
 .comment       0x0000000000000038       0x39 build/stm32f3xx_hal_cortex.o
 .comment       0x0000000000000038       0x39 build/system_stm32f3xx.o
 .comment       0x0000000000000038       0x38 /usr/lib/gcc/arm-none-eabi/4.9.3/../../../arm-none-eabi/lib/armv7e-m/fpu/libc_nano.a(lib_a-init.o)
                                         0x39 (size before relaxing)
 .comment       0x0000000000000070       0x39 /usr/lib/gcc/arm-none-eabi/4.9.3/../../../arm-none-eabi/lib/armv7e-m/fpu/libc_nano.a(lib_a-memcpy.o)
 .comment       0x0000000000000070       0x39 /usr/lib/gcc/arm-none-eabi/4.9.3/../../../arm-none-eabi/lib/armv7e-m/fpu/libc_nano.a(lib_a-memset.o)
 .comment       0x0000000000000070       0x39 /usr/lib/gcc/arm-none-eabi/4.9.3/../../../arm-none-eabi/lib/armv7e-m/fpu/libc_nano.a(lib_a-strcpy.o)
 .comment       0x0000000000000070       0x39 /usr/lib/gcc/arm-none-eabi/4.9.3/armv7e-m/fpu/crtend.o

.debug_info     0x0000000000000000    0x197e1
 .debug_info    0x0000000000000000     0x10b2 build/tof.o
 .debug_info    0x00000000000010b2     0x343b build/vl53l0x_api.o
 .debug_info    0x00000000000044ed     0x1c04 build/vl53l0x_api_calibration.o
 .debug_info    0x00000000000060f1     0x211f build/vl53l0x_api_core.o
 .debug_info    0x0000000000008210     0x125e build/vl53l0x_platform.o
 .debug_info    0x000000000000946e     0x12f2 build/main.o
 .debug_info    0x000000000000a760      0x359 build/gpio.o
 .debug_info    0x000000000000aab9      0x791 build/can.o
 .debug_info    0x000000000000b24a      0x8d7 build/i2c.o
 .debug_info    0x000000000000bb21      0x86e build/tim.o
 .debug_info    0x000000000000c38f      0x92f build/usart.o
 .debug_info    0x000000000000ccbe      0x16d build/stm32f3xx_it.o
 .debug_info    0x000000000000ce2b      0x32d build/stm32f3xx_hal_msp.o
 .debug_info    0x000000000000d158     0x103b build/stm32f3xx_hal_can.o
 .debug_info    0x000000000000e193     0x1d22 build/stm32f3xx_hal_i2c.o
 .debug_info    0x000000000000feb5      0x9bb build/stm32f3xx_hal_i2c_ex.o
 .debug_info    0x0000000000010870     0x252d build/stm32f3xx_hal_tim.o
 .debug_info    0x0000000000012d9d     0x13a5 build/stm32f3xx_hal_tim_ex.o
 .debug_info    0x0000000000014142     0x15a6 build/stm32f3xx_hal_uart.o
 .debug_info    0x00000000000156e8      0x792 build/stm32f3xx_hal.o
 .debug_info    0x0000000000015e7a     0x1856 build/stm32f3xx_hal_rcc.o
 .debug_info    0x00000000000176d0      0x5b6 build/stm32f3xx_hal_rcc_ex.o
 .debug_info    0x0000000000017c86      0x7ac build/stm32f3xx_hal_gpio.o
 .debug_info    0x0000000000018432      0xb7c build/stm32f3xx_hal_cortex.o
 .debug_info    0x0000000000018fae      0x433 build/system_stm32f3xx.o
 .debug_info    0x00000000000193e1       0x67 build/startup_stm32f303x8.o
 .debug_info    0x0000000000019448      0x105 /usr/lib/gcc/arm-none-eabi/4.9.3/../../../arm-none-eabi/lib/armv7e-m/fpu/libc_nano.a(lib_a-init.o)
 .debug_info    0x000000000001954d      0x104 /usr/lib/gcc/arm-none-eabi/4.9.3/../../../arm-none-eabi/lib/armv7e-m/fpu/libc_nano.a(lib_a-memcpy.o)
 .debug_info    0x0000000000019651       0xd3 /usr/lib/gcc/arm-none-eabi/4.9.3/../../../arm-none-eabi/lib/armv7e-m/fpu/libc_nano.a(lib_a-memset.o)
 .debug_info    0x0000000000019724       0xbd /usr/lib/gcc/arm-none-eabi/4.9.3/../../../arm-none-eabi/lib/armv7e-m/fpu/libc_nano.a(lib_a-strcpy.o)

.debug_abbrev   0x0000000000000000     0x2d44
 .debug_abbrev  0x0000000000000000      0x203 build/tof.o
 .debug_abbrev  0x0000000000000203      0x22a build/vl53l0x_api.o
 .debug_abbrev  0x000000000000042d      0x21f build/vl53l0x_api_calibration.o
 .debug_abbrev  0x000000000000064c      0x21f build/vl53l0x_api_core.o
 .debug_abbrev  0x000000000000086b      0x197 build/vl53l0x_platform.o
 .debug_abbrev  0x0000000000000a02      0x207 build/main.o
 .debug_abbrev  0x0000000000000c09      0x119 build/gpio.o
 .debug_abbrev  0x0000000000000d22      0x16b build/can.o
 .debug_abbrev  0x0000000000000e8d      0x180 build/i2c.o
 .debug_abbrev  0x000000000000100d      0x180 build/tim.o
 .debug_abbrev  0x000000000000118d      0x175 build/usart.o
 .debug_abbrev  0x0000000000001302       0x81 build/stm32f3xx_it.o
 .debug_abbrev  0x0000000000001383       0xdc build/stm32f3xx_hal_msp.o
 .debug_abbrev  0x000000000000145f      0x20f build/stm32f3xx_hal_can.o
 .debug_abbrev  0x000000000000166e      0x1fb build/stm32f3xx_hal_i2c.o
 .debug_abbrev  0x0000000000001869      0x182 build/stm32f3xx_hal_i2c_ex.o
 .debug_abbrev  0x00000000000019eb      0x206 build/stm32f3xx_hal_tim.o
 .debug_abbrev  0x0000000000001bf1      0x1fd build/stm32f3xx_hal_tim_ex.o
 .debug_abbrev  0x0000000000001dee      0x1bc build/stm32f3xx_hal_uart.o
 .debug_abbrev  0x0000000000001faa      0x1ab build/stm32f3xx_hal.o
 .debug_abbrev  0x0000000000002155      0x289 build/stm32f3xx_hal_rcc.o
 .debug_abbrev  0x00000000000023de      0x1fe build/stm32f3xx_hal_rcc_ex.o
 .debug_abbrev  0x00000000000025dc      0x1ac build/stm32f3xx_hal_gpio.o
 .debug_abbrev  0x0000000000002788      0x249 build/stm32f3xx_hal_cortex.o
 .debug_abbrev  0x00000000000029d1      0x103 build/system_stm32f3xx.o
 .debug_abbrev  0x0000000000002ad4       0x12 build/startup_stm32f303x8.o
 .debug_abbrev  0x0000000000002ae6       0xba /usr/lib/gcc/arm-none-eabi/4.9.3/../../../arm-none-eabi/lib/armv7e-m/fpu/libc_nano.a(lib_a-init.o)
 .debug_abbrev  0x0000000000002ba0       0xa4 /usr/lib/gcc/arm-none-eabi/4.9.3/../../../arm-none-eabi/lib/armv7e-m/fpu/libc_nano.a(lib_a-memcpy.o)
 .debug_abbrev  0x0000000000002c44       0x8e /usr/lib/gcc/arm-none-eabi/4.9.3/../../../arm-none-eabi/lib/armv7e-m/fpu/libc_nano.a(lib_a-memset.o)
 .debug_abbrev  0x0000000000002cd2       0x72 /usr/lib/gcc/arm-none-eabi/4.9.3/../../../arm-none-eabi/lib/armv7e-m/fpu/libc_nano.a(lib_a-strcpy.o)

.debug_loc      0x0000000000000000     0xc4b3
 .debug_loc     0x0000000000000000      0x2e8 build/tof.o
 .debug_loc     0x00000000000002e8     0x2054 build/vl53l0x_api.o
 .debug_loc     0x000000000000233c      0x76a build/vl53l0x_api_calibration.o
 .debug_loc     0x0000000000002aa6      0x830 build/vl53l0x_api_core.o
 .debug_loc     0x00000000000032d6      0x3c0 build/vl53l0x_platform.o
 .debug_loc     0x0000000000003696      0x112 build/main.o
 .debug_loc     0x00000000000037a8       0x50 build/gpio.o
 .debug_loc     0x00000000000037f8       0xcc build/can.o
 .debug_loc     0x00000000000038c4       0xcc build/i2c.o
 .debug_loc     0x0000000000003990      0x158 build/tim.o
 .debug_loc     0x0000000000003ae8       0xcc build/usart.o
 .debug_loc     0x0000000000003bb4      0x1ec build/stm32f3xx_it.o
 .debug_loc     0x0000000000003da0       0x50 build/stm32f3xx_hal_msp.o
 .debug_loc     0x0000000000003df0      0xcb4 build/stm32f3xx_hal_can.o
 .debug_loc     0x0000000000004aa4     0x17cc build/stm32f3xx_hal_i2c.o
 .debug_loc     0x0000000000006270      0x228 build/stm32f3xx_hal_i2c_ex.o
 .debug_loc     0x0000000000006498     0x23e8 build/stm32f3xx_hal_tim.o
 .debug_loc     0x0000000000008880      0xe80 build/stm32f3xx_hal_tim_ex.o
 .debug_loc     0x0000000000009700     0x139c build/stm32f3xx_hal_uart.o
 .debug_loc     0x000000000000aa9c      0x698 build/stm32f3xx_hal.o
 .debug_loc     0x000000000000b134      0x464 build/stm32f3xx_hal_rcc.o
 .debug_loc     0x000000000000b598      0x15c build/stm32f3xx_hal_rcc_ex.o
 .debug_loc     0x000000000000b6f4      0x2d4 build/stm32f3xx_hal_gpio.o
 .debug_loc     0x000000000000b9c8      0x8f8 build/stm32f3xx_hal_cortex.o
 .debug_loc     0x000000000000c2c0       0xa0 build/system_stm32f3xx.o
 .debug_loc     0x000000000000c360       0x54 /usr/lib/gcc/arm-none-eabi/4.9.3/../../../arm-none-eabi/lib/armv7e-m/fpu/libc_nano.a(lib_a-init.o)
 .debug_loc     0x000000000000c3b4       0x87 /usr/lib/gcc/arm-none-eabi/4.9.3/../../../arm-none-eabi/lib/armv7e-m/fpu/libc_nano.a(lib_a-memcpy.o)
 .debug_loc     0x000000000000c43b       0x57 /usr/lib/gcc/arm-none-eabi/4.9.3/../../../arm-none-eabi/lib/armv7e-m/fpu/libc_nano.a(lib_a-memset.o)
 .debug_loc     0x000000000000c492       0x21 /usr/lib/gcc/arm-none-eabi/4.9.3/../../../arm-none-eabi/lib/armv7e-m/fpu/libc_nano.a(lib_a-strcpy.o)

.debug_aranges  0x0000000000000000     0x15e0
 .debug_aranges
                0x0000000000000000       0x60 build/tof.o
 .debug_aranges
                0x0000000000000060      0x330 build/vl53l0x_api.o
 .debug_aranges
                0x0000000000000390       0xd0 build/vl53l0x_api_calibration.o
 .debug_aranges
                0x0000000000000460       0xe0 build/vl53l0x_api_core.o
 .debug_aranges
                0x0000000000000540       0x78 build/vl53l0x_platform.o
 .debug_aranges
                0x00000000000005b8       0x38 build/main.o
 .debug_aranges
                0x00000000000005f0       0x20 build/gpio.o
 .debug_aranges
                0x0000000000000610       0x30 build/can.o
 .debug_aranges
                0x0000000000000640       0x30 build/i2c.o
 .debug_aranges
                0x0000000000000670       0x38 build/tim.o
 .debug_aranges
                0x00000000000006a8       0x30 build/usart.o
 .debug_aranges
                0x00000000000006d8       0x60 build/stm32f3xx_it.o
 .debug_aranges
                0x0000000000000738       0x20 build/stm32f3xx_hal_msp.o
 .debug_aranges
                0x0000000000000758      0x138 build/stm32f3xx_hal_can.o
 .debug_aranges
                0x0000000000000890      0x260 build/stm32f3xx_hal_i2c.o
 .debug_aranges
                0x0000000000000af0       0x48 build/stm32f3xx_hal_i2c_ex.o
 .debug_aranges
                0x0000000000000b38      0x378 build/stm32f3xx_hal_tim.o
 .debug_aranges
                0x0000000000000eb0      0x178 build/stm32f3xx_hal_tim_ex.o
 .debug_aranges
                0x0000000000001028      0x1f0 build/stm32f3xx_hal_uart.o
 .debug_aranges
                0x0000000000001218       0xe0 build/stm32f3xx_hal.o
 .debug_aranges
                0x00000000000012f8       0x88 build/stm32f3xx_hal_rcc.o
 .debug_aranges
                0x0000000000001380       0x38 build/stm32f3xx_hal_rcc_ex.o
 .debug_aranges
                0x00000000000013b8       0x58 build/stm32f3xx_hal_gpio.o
 .debug_aranges
                0x0000000000001410      0x100 build/stm32f3xx_hal_cortex.o
 .debug_aranges
                0x0000000000001510       0x28 build/system_stm32f3xx.o
 .debug_aranges
                0x0000000000001538       0x28 build/startup_stm32f303x8.o
 .debug_aranges
                0x0000000000001560       0x20 /usr/lib/gcc/arm-none-eabi/4.9.3/../../../arm-none-eabi/lib/armv7e-m/fpu/libc_nano.a(lib_a-init.o)
 .debug_aranges
                0x0000000000001580       0x20 /usr/lib/gcc/arm-none-eabi/4.9.3/../../../arm-none-eabi/lib/armv7e-m/fpu/libc_nano.a(lib_a-memcpy.o)
 .debug_aranges
                0x00000000000015a0       0x20 /usr/lib/gcc/arm-none-eabi/4.9.3/../../../arm-none-eabi/lib/armv7e-m/fpu/libc_nano.a(lib_a-memset.o)
 .debug_aranges
                0x00000000000015c0       0x20 /usr/lib/gcc/arm-none-eabi/4.9.3/../../../arm-none-eabi/lib/armv7e-m/fpu/libc_nano.a(lib_a-strcpy.o)

.debug_ranges   0x0000000000000000     0x1408
 .debug_ranges  0x0000000000000000       0x50 build/tof.o
 .debug_ranges  0x0000000000000050      0x320 build/vl53l0x_api.o
 .debug_ranges  0x0000000000000370       0xc0 build/vl53l0x_api_calibration.o
 .debug_ranges  0x0000000000000430       0xd0 build/vl53l0x_api_core.o
 .debug_ranges  0x0000000000000500       0x68 build/vl53l0x_platform.o
 .debug_ranges  0x0000000000000568       0x28 build/main.o
 .debug_ranges  0x0000000000000590       0x10 build/gpio.o
 .debug_ranges  0x00000000000005a0       0x20 build/can.o
 .debug_ranges  0x00000000000005c0       0x20 build/i2c.o
 .debug_ranges  0x00000000000005e0       0x28 build/tim.o
 .debug_ranges  0x0000000000000608       0x20 build/usart.o
 .debug_ranges  0x0000000000000628       0x50 build/stm32f3xx_it.o
 .debug_ranges  0x0000000000000678       0x10 build/stm32f3xx_hal_msp.o
 .debug_ranges  0x0000000000000688      0x128 build/stm32f3xx_hal_can.o
 .debug_ranges  0x00000000000007b0      0x250 build/stm32f3xx_hal_i2c.o
 .debug_ranges  0x0000000000000a00       0x38 build/stm32f3xx_hal_i2c_ex.o
 .debug_ranges  0x0000000000000a38      0x368 build/stm32f3xx_hal_tim.o
 .debug_ranges  0x0000000000000da0      0x168 build/stm32f3xx_hal_tim_ex.o
 .debug_ranges  0x0000000000000f08      0x1e0 build/stm32f3xx_hal_uart.o
 .debug_ranges  0x00000000000010e8       0xd0 build/stm32f3xx_hal.o
 .debug_ranges  0x00000000000011b8       0x78 build/stm32f3xx_hal_rcc.o
 .debug_ranges  0x0000000000001230       0x28 build/stm32f3xx_hal_rcc_ex.o
 .debug_ranges  0x0000000000001258       0x48 build/stm32f3xx_hal_gpio.o
 .debug_ranges  0x00000000000012a0       0xf0 build/stm32f3xx_hal_cortex.o
 .debug_ranges  0x0000000000001390       0x18 build/system_stm32f3xx.o
 .debug_ranges  0x00000000000013a8       0x20 build/startup_stm32f303x8.o
 .debug_ranges  0x00000000000013c8       0x10 /usr/lib/gcc/arm-none-eabi/4.9.3/../../../arm-none-eabi/lib/armv7e-m/fpu/libc_nano.a(lib_a-init.o)
 .debug_ranges  0x00000000000013d8       0x10 /usr/lib/gcc/arm-none-eabi/4.9.3/../../../arm-none-eabi/lib/armv7e-m/fpu/libc_nano.a(lib_a-memcpy.o)
 .debug_ranges  0x00000000000013e8       0x10 /usr/lib/gcc/arm-none-eabi/4.9.3/../../../arm-none-eabi/lib/armv7e-m/fpu/libc_nano.a(lib_a-memset.o)
 .debug_ranges  0x00000000000013f8       0x10 /usr/lib/gcc/arm-none-eabi/4.9.3/../../../arm-none-eabi/lib/armv7e-m/fpu/libc_nano.a(lib_a-strcpy.o)

.debug_line     0x0000000000000000     0x8f9f
 .debug_line    0x0000000000000000      0x313 build/tof.o
 .debug_line    0x0000000000000313      0xd1d build/vl53l0x_api.o
 .debug_line    0x0000000000001030      0x65f build/vl53l0x_api_calibration.o
 .debug_line    0x000000000000168f      0x858 build/vl53l0x_api_core.o
 .debug_line    0x0000000000001ee7      0x2ed build/vl53l0x_platform.o
 .debug_line    0x00000000000021d4      0x2a6 build/main.o
 .debug_line    0x000000000000247a      0x13f build/gpio.o
 .debug_line    0x00000000000025b9      0x19f build/can.o
 .debug_line    0x0000000000002758      0x1b1 build/i2c.o
 .debug_line    0x0000000000002909      0x1c9 build/tim.o
 .debug_line    0x0000000000002ad2      0x1a8 build/usart.o
 .debug_line    0x0000000000002c7a      0x156 build/stm32f3xx_it.o
 .debug_line    0x0000000000002dd0      0x106 build/stm32f3xx_hal_msp.o
 .debug_line    0x0000000000002ed6      0x618 build/stm32f3xx_hal_can.o
 .debug_line    0x00000000000034ee     0x11c3 build/stm32f3xx_hal_i2c.o
 .debug_line    0x00000000000046b1      0x2b9 build/stm32f3xx_hal_i2c_ex.o
 .debug_line    0x000000000000496a     0x1385 build/stm32f3xx_hal_tim.o
 .debug_line    0x0000000000005cef      0x8d4 build/stm32f3xx_hal_tim_ex.o
 .debug_line    0x00000000000065c3      0xb44 build/stm32f3xx_hal_uart.o
 .debug_line    0x0000000000007107      0x347 build/stm32f3xx_hal.o
 .debug_line    0x000000000000744e      0xc65 build/stm32f3xx_hal_rcc.o
 .debug_line    0x00000000000080b3      0x34a build/stm32f3xx_hal_rcc_ex.o
 .debug_line    0x00000000000083fd      0x2e6 build/stm32f3xx_hal_gpio.o
 .debug_line    0x00000000000086e3      0x3c0 build/stm32f3xx_hal_cortex.o
 .debug_line    0x0000000000008aa3      0x12f build/system_stm32f3xx.o
 .debug_line    0x0000000000008bd2       0x74 build/startup_stm32f303x8.o
 .debug_line    0x0000000000008c46       0xb9 /usr/lib/gcc/arm-none-eabi/4.9.3/../../../arm-none-eabi/lib/armv7e-m/fpu/libc_nano.a(lib_a-init.o)
 .debug_line    0x0000000000008cff       0xf0 /usr/lib/gcc/arm-none-eabi/4.9.3/../../../arm-none-eabi/lib/armv7e-m/fpu/libc_nano.a(lib_a-memcpy.o)
 .debug_line    0x0000000000008def       0xf1 /usr/lib/gcc/arm-none-eabi/4.9.3/../../../arm-none-eabi/lib/armv7e-m/fpu/libc_nano.a(lib_a-memset.o)
 .debug_line    0x0000000000008ee0       0xbf /usr/lib/gcc/arm-none-eabi/4.9.3/../../../arm-none-eabi/lib/armv7e-m/fpu/libc_nano.a(lib_a-strcpy.o)

.debug_str      0x0000000000000000     0x7b60
 .debug_str     0x0000000000000000      0xd3a build/tof.o
                                        0xf96 (size before relaxing)
 .debug_str     0x0000000000000d3a     0x13e4 build/vl53l0x_api.o
                                       0x23e8 (size before relaxing)
 .debug_str     0x000000000000211e      0x77b build/vl53l0x_api_calibration.o
                                       0x16be (size before relaxing)
 .debug_str     0x0000000000002899      0xd54 build/vl53l0x_api_core.o
                                       0x1d64 (size before relaxing)
 .debug_str     0x00000000000035ed      0x125 build/vl53l0x_platform.o
                                        0xf0a (size before relaxing)
 .debug_str     0x0000000000003712      0x572 build/main.o
                                       0x13b8 (size before relaxing)
 .debug_str     0x0000000000003c84       0xa8 build/gpio.o
                                        0x291 (size before relaxing)
 .debug_str     0x0000000000003d2c      0x29d build/can.o
                                        0x571 (size before relaxing)
 .debug_str     0x0000000000003fc9       0x43 build/i2c.o
                                        0x75d (size before relaxing)
 .debug_str     0x000000000000400c      0x2ef build/tim.o
                                        0x6ed (size before relaxing)
 .debug_str     0x00000000000042fb      0x2b0 build/usart.o
                                        0x73e (size before relaxing)
 .debug_str     0x00000000000045ab       0xa3 build/stm32f3xx_it.o
                                        0x211 (size before relaxing)
 .debug_str     0x000000000000464e       0x24 build/stm32f3xx_hal_msp.o
                                        0x4e4 (size before relaxing)
 .debug_str     0x0000000000004672      0x56b build/stm32f3xx_hal_can.o
                                        0xa32 (size before relaxing)
 .debug_str     0x0000000000004bdd      0x78a build/stm32f3xx_hal_i2c.o
                                        0xe46 (size before relaxing)
 .debug_str     0x0000000000005367      0x160 build/stm32f3xx_hal_i2c_ex.o
                                        0x85e (size before relaxing)
 .debug_str     0x00000000000054c7      0xcd5 build/stm32f3xx_hal_tim.o
                                       0x133c (size before relaxing)
 .debug_str     0x000000000000619c      0x588 build/stm32f3xx_hal_tim_ex.o
                                        0xd3b (size before relaxing)
 .debug_str     0x0000000000006724      0x66e build/stm32f3xx_hal_uart.o
                                        0xd9c (size before relaxing)
 .debug_str     0x0000000000006d92      0x2e5 build/stm32f3xx_hal.o
                                        0x803 (size before relaxing)
 .debug_str     0x0000000000007077      0x1fd build/stm32f3xx_hal_rcc.o
                                        0x624 (size before relaxing)
 .debug_str     0x0000000000007274       0xdf build/stm32f3xx_hal_rcc_ex.o
                                        0x433 (size before relaxing)
 .debug_str     0x0000000000007353      0x13f build/stm32f3xx_hal_gpio.o
                                        0x4a0 (size before relaxing)
 .debug_str     0x0000000000007492      0x2f1 build/stm32f3xx_hal_cortex.o
                                        0x8ba (size before relaxing)
 .debug_str     0x0000000000007783       0x4d build/system_stm32f3xx.o
                                        0x2c8 (size before relaxing)
 .debug_str     0x00000000000077d0      0x1e9 /usr/lib/gcc/arm-none-eabi/4.9.3/../../../arm-none-eabi/lib/armv7e-m/fpu/libc_nano.a(lib_a-init.o)
                                        0x281 (size before relaxing)
 .debug_str     0x00000000000079b9       0xbb /usr/lib/gcc/arm-none-eabi/4.9.3/../../../arm-none-eabi/lib/armv7e-m/fpu/libc_nano.a(lib_a-memcpy.o)
                                        0x236 (size before relaxing)
 .debug_str     0x0000000000007a74       0x38 /usr/lib/gcc/arm-none-eabi/4.9.3/../../../arm-none-eabi/lib/armv7e-m/fpu/libc_nano.a(lib_a-memset.o)
                                        0x222 (size before relaxing)
 .debug_str     0x0000000000007aac       0xb4 /usr/lib/gcc/arm-none-eabi/4.9.3/../../../arm-none-eabi/lib/armv7e-m/fpu/libc_nano.a(lib_a-strcpy.o)
                                        0x228 (size before relaxing)

.debug_frame    0x0000000000000000     0x6004
 .debug_frame   0x0000000000000000      0x178 build/tof.o
 .debug_frame   0x0000000000000178      0xfb0 build/vl53l0x_api.o
 .debug_frame   0x0000000000001128      0x3cc build/vl53l0x_api_calibration.o
 .debug_frame   0x00000000000014f4      0x3fc build/vl53l0x_api_core.o
 .debug_frame   0x00000000000018f0      0x1f8 build/vl53l0x_platform.o
 .debug_frame   0x0000000000001ae8       0x9c build/main.o
 .debug_frame   0x0000000000001b84       0x38 build/gpio.o
 .debug_frame   0x0000000000001bbc       0x7c build/can.o
 .debug_frame   0x0000000000001c38       0x7c build/i2c.o
 .debug_frame   0x0000000000001cb4       0xb0 build/tim.o
 .debug_frame   0x0000000000001d64       0x7c build/usart.o
 .debug_frame   0x0000000000001de0      0x12c build/stm32f3xx_it.o
 .debug_frame   0x0000000000001f0c       0x38 build/stm32f3xx_hal_msp.o
 .debug_frame   0x0000000000001f44      0x5b4 build/stm32f3xx_hal_can.o
 .debug_frame   0x00000000000024f8      0xba4 build/stm32f3xx_hal_i2c.o
 .debug_frame   0x000000000000309c      0x100 build/stm32f3xx_hal_i2c_ex.o
 .debug_frame   0x000000000000319c     0x1104 build/stm32f3xx_hal_tim.o
 .debug_frame   0x00000000000042a0      0x6fc build/stm32f3xx_hal_tim_ex.o
 .debug_frame   0x000000000000499c      0x954 build/stm32f3xx_hal_uart.o
 .debug_frame   0x00000000000052f0      0x390 build/stm32f3xx_hal.o
 .debug_frame   0x0000000000005680      0x22c build/stm32f3xx_hal_rcc.o
 .debug_frame   0x00000000000058ac       0xb4 build/stm32f3xx_hal_rcc_ex.o
 .debug_frame   0x0000000000005960      0x154 build/stm32f3xx_hal_gpio.o
 .debug_frame   0x0000000000005ab4      0x460 build/stm32f3xx_hal_cortex.o
 .debug_frame   0x0000000000005f14       0x5c build/system_stm32f3xx.o
 .debug_frame   0x0000000000005f70       0x2c /usr/lib/gcc/arm-none-eabi/4.9.3/../../../arm-none-eabi/lib/armv7e-m/fpu/libc_nano.a(lib_a-init.o)
 .debug_frame   0x0000000000005f9c       0x28 /usr/lib/gcc/arm-none-eabi/4.9.3/../../../arm-none-eabi/lib/armv7e-m/fpu/libc_nano.a(lib_a-memcpy.o)
 .debug_frame   0x0000000000005fc4       0x20 /usr/lib/gcc/arm-none-eabi/4.9.3/../../../arm-none-eabi/lib/armv7e-m/fpu/libc_nano.a(lib_a-memset.o)
 .debug_frame   0x0000000000005fe4       0x20 /usr/lib/gcc/arm-none-eabi/4.9.3/../../../arm-none-eabi/lib/armv7e-m/fpu/libc_nano.a(lib_a-strcpy.o)

Cross Reference Table

Symbol                                            File
ADC1_2_IRQHandler                                 build/startup_stm32f303x8.o
AHBPrescTable                                     build/system_stm32f3xx.o
                                                  build/stm32f3xx_hal_rcc.o
APBPrescTable                                     build/system_stm32f3xx.o
                                                  build/stm32f3xx_hal_rcc.o
BusFault_Handler                                  build/stm32f3xx_it.o
CAN_RX0_IRQHandler                                build/startup_stm32f303x8.o
CAN_RX1_IRQHandler                                build/startup_stm32f303x8.o
CAN_SCE_IRQHandler                                build/startup_stm32f303x8.o
CAN_TX_IRQHandler                                 build/startup_stm32f303x8.o
COMP2_IRQHandler                                  build/startup_stm32f303x8.o
COMP4_6_IRQHandler                                build/startup_stm32f303x8.o
DMA1_Channel1_IRQHandler                          build/startup_stm32f303x8.o
DMA1_Channel2_IRQHandler                          build/startup_stm32f303x8.o
DMA1_Channel3_IRQHandler                          build/startup_stm32f303x8.o
DMA1_Channel4_IRQHandler                          build/startup_stm32f303x8.o
DMA1_Channel5_IRQHandler                          build/startup_stm32f303x8.o
DMA1_Channel6_IRQHandler                          build/startup_stm32f303x8.o
DMA1_Channel7_IRQHandler                          build/startup_stm32f303x8.o
DebugMon_Handler                                  build/stm32f3xx_it.o
DefaultTuningSettings                             build/vl53l0x_api.o
Default_Handler                                   build/startup_stm32f303x8.o
EXTI0_IRQHandler                                  build/startup_stm32f303x8.o
EXTI15_10_IRQHandler                              build/startup_stm32f303x8.o
EXTI1_IRQHandler                                  build/startup_stm32f303x8.o
EXTI2_TSC_IRQHandler                              build/startup_stm32f303x8.o
EXTI3_IRQHandler                                  build/startup_stm32f303x8.o
EXTI4_IRQHandler                                  build/startup_stm32f303x8.o
EXTI9_5_IRQHandler                                build/startup_stm32f303x8.o
FLASH_IRQHandler                                  build/startup_stm32f303x8.o
FLASH_PageErase                                   build/stm32f3xx_hal_flash_ex.o
                                                  build/stm32f3xx_hal_flash.o
FLASH_WaitForLastOperation                        build/stm32f3xx_hal_flash.o
                                                  build/stm32f3xx_hal_flash_ex.o
FPU_IRQHandler                                    build/startup_stm32f303x8.o
HAL_CAN_AbortTxRequest                            build/stm32f3xx_hal_can.o
HAL_CAN_ActivateNotification                      build/stm32f3xx_hal_can.o
HAL_CAN_AddTxMessage                              build/stm32f3xx_hal_can.o
HAL_CAN_ConfigFilter                              build/stm32f3xx_hal_can.o
HAL_CAN_DeInit                                    build/stm32f3xx_hal_can.o
HAL_CAN_DeactivateNotification                    build/stm32f3xx_hal_can.o
HAL_CAN_ErrorCallback                             build/stm32f3xx_hal_can.o
HAL_CAN_GetError                                  build/stm32f3xx_hal_can.o
HAL_CAN_GetRxFifoFillLevel                        build/stm32f3xx_hal_can.o
HAL_CAN_GetRxMessage                              build/stm32f3xx_hal_can.o
HAL_CAN_GetState                                  build/stm32f3xx_hal_can.o
HAL_CAN_GetTxMailboxesFreeLevel                   build/stm32f3xx_hal_can.o
HAL_CAN_GetTxTimestamp                            build/stm32f3xx_hal_can.o
HAL_CAN_IRQHandler                                build/stm32f3xx_hal_can.o
HAL_CAN_Init                                      build/stm32f3xx_hal_can.o
                                                  build/can.o
HAL_CAN_IsSleepActive                             build/stm32f3xx_hal_can.o
HAL_CAN_IsTxMessagePending                        build/stm32f3xx_hal_can.o
HAL_CAN_MspDeInit                                 build/can.o
HAL_CAN_MspInit                                   build/can.o
HAL_CAN_RequestSleep                              build/stm32f3xx_hal_can.o
HAL_CAN_ResetError                                build/stm32f3xx_hal_can.o
HAL_CAN_RxFifo0FullCallback                       build/stm32f3xx_hal_can.o
HAL_CAN_RxFifo0MsgPendingCallback                 build/stm32f3xx_hal_can.o
HAL_CAN_RxFifo1FullCallback                       build/stm32f3xx_hal_can.o
HAL_CAN_RxFifo1MsgPendingCallback                 build/stm32f3xx_hal_can.o
HAL_CAN_SleepCallback                             build/stm32f3xx_hal_can.o
HAL_CAN_Start                                     build/stm32f3xx_hal_can.o
HAL_CAN_Stop                                      build/stm32f3xx_hal_can.o
HAL_CAN_TxMailbox0AbortCallback                   build/stm32f3xx_hal_can.o
HAL_CAN_TxMailbox0CompleteCallback                build/stm32f3xx_hal_can.o
HAL_CAN_TxMailbox1AbortCallback                   build/stm32f3xx_hal_can.o
HAL_CAN_TxMailbox1CompleteCallback                build/stm32f3xx_hal_can.o
HAL_CAN_TxMailbox2AbortCallback                   build/stm32f3xx_hal_can.o
HAL_CAN_TxMailbox2CompleteCallback                build/stm32f3xx_hal_can.o
HAL_CAN_WakeUp                                    build/stm32f3xx_hal_can.o
HAL_CAN_WakeUpFromRxMsgCallback                   build/stm32f3xx_hal_can.o
HAL_DBGMCU_DisableDBGSleepMode                    build/stm32f3xx_hal.o
HAL_DBGMCU_DisableDBGStandbyMode                  build/stm32f3xx_hal.o
HAL_DBGMCU_DisableDBGStopMode                     build/stm32f3xx_hal.o
HAL_DBGMCU_EnableDBGSleepMode                     build/stm32f3xx_hal.o
HAL_DBGMCU_EnableDBGStandbyMode                   build/stm32f3xx_hal.o
HAL_DBGMCU_EnableDBGStopMode                      build/stm32f3xx_hal.o
HAL_DMA_Abort                                     build/stm32f3xx_hal_dma.o
                                                  build/stm32f3xx_hal_uart.o
                                                  build/stm32f3xx_hal_tim.o
HAL_DMA_Abort_IT                                  build/stm32f3xx_hal_dma.o
                                                  build/stm32f3xx_hal_uart.o
                                                  build/stm32f3xx_hal_i2c.o
HAL_DMA_DeInit                                    build/stm32f3xx_hal_dma.o
HAL_DMA_GetError                                  build/stm32f3xx_hal_dma.o
HAL_DMA_GetState                                  build/stm32f3xx_hal_dma.o
HAL_DMA_IRQHandler                                build/stm32f3xx_hal_dma.o
HAL_DMA_Init                                      build/stm32f3xx_hal_dma.o
HAL_DMA_PollForTransfer                           build/stm32f3xx_hal_dma.o
HAL_DMA_RegisterCallback                          build/stm32f3xx_hal_dma.o
HAL_DMA_Start                                     build/stm32f3xx_hal_dma.o
HAL_DMA_Start_IT                                  build/stm32f3xx_hal_dma.o
                                                  build/stm32f3xx_hal_uart.o
                                                  build/stm32f3xx_hal_tim_ex.o
                                                  build/stm32f3xx_hal_tim.o
                                                  build/stm32f3xx_hal_i2c.o
HAL_DMA_UnRegisterCallback                        build/stm32f3xx_hal_dma.o
HAL_DeInit                                        build/stm32f3xx_hal.o
HAL_Delay                                         build/stm32f3xx_hal.o
                                                  build/main.o
                                                  build/vl53l0x_platform.o
HAL_FLASHEx_Erase                                 build/stm32f3xx_hal_flash_ex.o
HAL_FLASHEx_Erase_IT                              build/stm32f3xx_hal_flash_ex.o
HAL_FLASHEx_OBErase                               build/stm32f3xx_hal_flash_ex.o
HAL_FLASHEx_OBGetConfig                           build/stm32f3xx_hal_flash_ex.o
HAL_FLASHEx_OBGetUserData                         build/stm32f3xx_hal_flash_ex.o
HAL_FLASHEx_OBProgram                             build/stm32f3xx_hal_flash_ex.o
HAL_FLASH_EndOfOperationCallback                  build/stm32f3xx_hal_flash.o
HAL_FLASH_GetError                                build/stm32f3xx_hal_flash.o
HAL_FLASH_IRQHandler                              build/stm32f3xx_hal_flash.o
HAL_FLASH_Lock                                    build/stm32f3xx_hal_flash.o
HAL_FLASH_OB_Launch                               build/stm32f3xx_hal_flash.o
HAL_FLASH_OB_Lock                                 build/stm32f3xx_hal_flash.o
HAL_FLASH_OB_Unlock                               build/stm32f3xx_hal_flash.o
HAL_FLASH_OperationErrorCallback                  build/stm32f3xx_hal_flash.o
HAL_FLASH_Program                                 build/stm32f3xx_hal_flash.o
HAL_FLASH_Program_IT                              build/stm32f3xx_hal_flash.o
HAL_FLASH_Unlock                                  build/stm32f3xx_hal_flash.o
HAL_GPIO_DeInit                                   build/stm32f3xx_hal_gpio.o
                                                  build/usart.o
                                                  build/i2c.o
                                                  build/can.o
HAL_GPIO_EXTI_Callback                            build/stm32f3xx_hal_gpio.o
HAL_GPIO_EXTI_IRQHandler                          build/stm32f3xx_hal_gpio.o
HAL_GPIO_Init                                     build/stm32f3xx_hal_gpio.o
                                                  build/stm32f3xx_hal_rcc.o
                                                  build/usart.o
                                                  build/i2c.o
                                                  build/can.o
                                                  build/gpio.o
HAL_GPIO_LockPin                                  build/stm32f3xx_hal_gpio.o
HAL_GPIO_ReadPin                                  build/stm32f3xx_hal_gpio.o
HAL_GPIO_TogglePin                                build/stm32f3xx_hal_gpio.o
                                                  build/main.o
HAL_GPIO_WritePin                                 build/stm32f3xx_hal_gpio.o
                                                  build/gpio.o
                                                  build/main.o
HAL_GetDEVID                                      build/stm32f3xx_hal.o
HAL_GetHalVersion                                 build/stm32f3xx_hal.o
HAL_GetREVID                                      build/stm32f3xx_hal.o
HAL_GetTick                                       build/stm32f3xx_hal.o
                                                  build/stm32f3xx_hal_flash.o
                                                  build/stm32f3xx_hal_dma.o
                                                  build/stm32f3xx_hal_rcc_ex.o
                                                  build/stm32f3xx_hal_rcc.o
                                                  build/stm32f3xx_hal_uart_ex.o
                                                  build/stm32f3xx_hal_uart.o
                                                  build/stm32f3xx_hal_i2c.o
                                                  build/stm32f3xx_hal_can.o
HAL_GetTickFreq                                   build/stm32f3xx_hal.o
HAL_GetTickPrio                                   build/stm32f3xx_hal.o
HAL_GetUIDw0                                      build/stm32f3xx_hal.o
HAL_GetUIDw1                                      build/stm32f3xx_hal.o
HAL_GetUIDw2                                      build/stm32f3xx_hal.o
HAL_HalfDuplex_EnableReceiver                     build/stm32f3xx_hal_uart.o
HAL_HalfDuplex_EnableTransmitter                  build/stm32f3xx_hal_uart.o
HAL_HalfDuplex_Init                               build/stm32f3xx_hal_uart.o
HAL_I2CEx_ConfigAnalogFilter                      build/stm32f3xx_hal_i2c_ex.o
                                                  build/i2c.o
HAL_I2CEx_ConfigDigitalFilter                     build/stm32f3xx_hal_i2c_ex.o
                                                  build/i2c.o
HAL_I2CEx_DisableFastModePlus                     build/stm32f3xx_hal_i2c_ex.o
HAL_I2CEx_DisableWakeUp                           build/stm32f3xx_hal_i2c_ex.o
HAL_I2CEx_EnableFastModePlus                      build/stm32f3xx_hal_i2c_ex.o
HAL_I2CEx_EnableWakeUp                            build/stm32f3xx_hal_i2c_ex.o
HAL_I2C_AbortCpltCallback                         build/stm32f3xx_hal_i2c.o
HAL_I2C_AddrCallback                              build/stm32f3xx_hal_i2c.o
HAL_I2C_DeInit                                    build/stm32f3xx_hal_i2c.o
HAL_I2C_DisableListen_IT                          build/stm32f3xx_hal_i2c.o
HAL_I2C_ER_IRQHandler                             build/stm32f3xx_hal_i2c.o
HAL_I2C_EV_IRQHandler                             build/stm32f3xx_hal_i2c.o
HAL_I2C_EnableListen_IT                           build/stm32f3xx_hal_i2c.o
HAL_I2C_ErrorCallback                             build/stm32f3xx_hal_i2c.o
HAL_I2C_GetError                                  build/stm32f3xx_hal_i2c.o
HAL_I2C_GetMode                                   build/stm32f3xx_hal_i2c.o
HAL_I2C_GetState                                  build/stm32f3xx_hal_i2c.o
HAL_I2C_Init                                      build/stm32f3xx_hal_i2c.o
                                                  build/i2c.o
HAL_I2C_IsDeviceReady                             build/stm32f3xx_hal_i2c.o
HAL_I2C_ListenCpltCallback                        build/stm32f3xx_hal_i2c.o
HAL_I2C_MasterRxCpltCallback                      build/stm32f3xx_hal_i2c.o
HAL_I2C_MasterTxCpltCallback                      build/stm32f3xx_hal_i2c.o
HAL_I2C_Master_Abort_IT                           build/stm32f3xx_hal_i2c.o
HAL_I2C_Master_Receive                            build/stm32f3xx_hal_i2c.o
                                                  build/vl53l0x_platform.o
HAL_I2C_Master_Receive_DMA                        build/stm32f3xx_hal_i2c.o
HAL_I2C_Master_Receive_IT                         build/stm32f3xx_hal_i2c.o
HAL_I2C_Master_Sequential_Receive_IT              build/stm32f3xx_hal_i2c.o
HAL_I2C_Master_Sequential_Transmit_IT             build/stm32f3xx_hal_i2c.o
HAL_I2C_Master_Transmit                           build/stm32f3xx_hal_i2c.o
                                                  build/vl53l0x_platform.o
HAL_I2C_Master_Transmit_DMA                       build/stm32f3xx_hal_i2c.o
HAL_I2C_Master_Transmit_IT                        build/stm32f3xx_hal_i2c.o
HAL_I2C_MemRxCpltCallback                         build/stm32f3xx_hal_i2c.o
HAL_I2C_MemTxCpltCallback                         build/stm32f3xx_hal_i2c.o
HAL_I2C_Mem_Read                                  build/stm32f3xx_hal_i2c.o
HAL_I2C_Mem_Read_DMA                              build/stm32f3xx_hal_i2c.o
HAL_I2C_Mem_Read_IT                               build/stm32f3xx_hal_i2c.o
HAL_I2C_Mem_Write                                 build/stm32f3xx_hal_i2c.o
HAL_I2C_Mem_Write_DMA                             build/stm32f3xx_hal_i2c.o
HAL_I2C_Mem_Write_IT                              build/stm32f3xx_hal_i2c.o
HAL_I2C_MspDeInit                                 build/i2c.o
HAL_I2C_MspInit                                   build/i2c.o
HAL_I2C_SlaveRxCpltCallback                       build/stm32f3xx_hal_i2c.o
HAL_I2C_SlaveTxCpltCallback                       build/stm32f3xx_hal_i2c.o
HAL_I2C_Slave_Receive                             build/stm32f3xx_hal_i2c.o
HAL_I2C_Slave_Receive_DMA                         build/stm32f3xx_hal_i2c.o
HAL_I2C_Slave_Receive_IT                          build/stm32f3xx_hal_i2c.o
HAL_I2C_Slave_Sequential_Receive_IT               build/stm32f3xx_hal_i2c.o
HAL_I2C_Slave_Sequential_Transmit_IT              build/stm32f3xx_hal_i2c.o
HAL_I2C_Slave_Transmit                            build/stm32f3xx_hal_i2c.o
HAL_I2C_Slave_Transmit_DMA                        build/stm32f3xx_hal_i2c.o
HAL_I2C_Slave_Transmit_IT                         build/stm32f3xx_hal_i2c.o
HAL_IncTick                                       build/stm32f3xx_hal.o
                                                  build/stm32f3xx_it.o
HAL_Init                                          build/stm32f3xx_hal.o
                                                  build/main.o
HAL_InitTick                                      build/stm32f3xx_hal.o
                                                  build/stm32f3xx_hal_rcc.o
HAL_LIN_Init                                      build/stm32f3xx_hal_uart.o
HAL_LIN_SendBreak                                 build/stm32f3xx_hal_uart.o
HAL_MspDeInit                                     build/stm32f3xx_hal.o
HAL_MspInit                                       build/stm32f3xx_hal_msp.o
HAL_MultiProcessorEx_AddressLength_Set            build/stm32f3xx_hal_uart_ex.o
HAL_MultiProcessor_DisableMuteMode                build/stm32f3xx_hal_uart.o
HAL_MultiProcessor_EnableMuteMode                 build/stm32f3xx_hal_uart.o
HAL_MultiProcessor_EnterMuteMode                  build/stm32f3xx_hal_uart.o
HAL_MultiProcessor_Init                           build/stm32f3xx_hal_uart.o
HAL_NVIC_ClearPendingIRQ                          build/stm32f3xx_hal_cortex.o
HAL_NVIC_DisableIRQ                               build/stm32f3xx_hal_cortex.o
HAL_NVIC_EnableIRQ                                build/stm32f3xx_hal_cortex.o
HAL_NVIC_GetActive                                build/stm32f3xx_hal_cortex.o
HAL_NVIC_GetPendingIRQ                            build/stm32f3xx_hal_cortex.o
HAL_NVIC_GetPriority                              build/stm32f3xx_hal_cortex.o
HAL_NVIC_GetPriorityGrouping                      build/stm32f3xx_hal_cortex.o
HAL_NVIC_SetPendingIRQ                            build/stm32f3xx_hal_cortex.o
HAL_NVIC_SetPriority                              build/stm32f3xx_hal_cortex.o
                                                  build/stm32f3xx_hal.o
                                                  build/stm32f3xx_hal_msp.o
                                                  build/main.o
HAL_NVIC_SetPriorityGrouping                      build/stm32f3xx_hal_cortex.o
                                                  build/stm32f3xx_hal.o
                                                  build/stm32f3xx_hal_msp.o
HAL_NVIC_SystemReset                              build/stm32f3xx_hal_cortex.o
HAL_PWR_ConfigPVD                                 build/stm32f3xx_hal_pwr_ex.o
HAL_PWR_DeInit                                    build/stm32f3xx_hal_pwr.o
HAL_PWR_DisableBkUpAccess                         build/stm32f3xx_hal_pwr.o
HAL_PWR_DisablePVD                                build/stm32f3xx_hal_pwr_ex.o
HAL_PWR_DisableSEVOnPend                          build/stm32f3xx_hal_pwr.o
HAL_PWR_DisableSleepOnExit                        build/stm32f3xx_hal_pwr.o
HAL_PWR_DisableWakeUpPin                          build/stm32f3xx_hal_pwr.o
HAL_PWR_EnableBkUpAccess                          build/stm32f3xx_hal_pwr.o
HAL_PWR_EnablePVD                                 build/stm32f3xx_hal_pwr_ex.o
HAL_PWR_EnableSEVOnPend                           build/stm32f3xx_hal_pwr.o
HAL_PWR_EnableSleepOnExit                         build/stm32f3xx_hal_pwr.o
HAL_PWR_EnableWakeUpPin                           build/stm32f3xx_hal_pwr.o
HAL_PWR_EnterSLEEPMode                            build/stm32f3xx_hal_pwr.o
HAL_PWR_EnterSTANDBYMode                          build/stm32f3xx_hal_pwr.o
HAL_PWR_EnterSTOPMode                             build/stm32f3xx_hal_pwr.o
HAL_PWR_PVDCallback                               build/stm32f3xx_hal_pwr_ex.o
HAL_PWR_PVD_IRQHandler                            build/stm32f3xx_hal_pwr_ex.o
HAL_RCCEx_GetPeriphCLKConfig                      build/stm32f3xx_hal_rcc_ex.o
HAL_RCCEx_GetPeriphCLKFreq                        build/stm32f3xx_hal_rcc_ex.o
HAL_RCCEx_PeriphCLKConfig                         build/stm32f3xx_hal_rcc_ex.o
                                                  build/main.o
HAL_RCC_CSSCallback                               build/stm32f3xx_hal_rcc.o
HAL_RCC_ClockConfig                               build/stm32f3xx_hal_rcc.o
                                                  build/main.o
HAL_RCC_DeInit                                    build/stm32f3xx_hal_rcc.o
HAL_RCC_DisableCSS                                build/stm32f3xx_hal_rcc.o
HAL_RCC_EnableCSS                                 build/stm32f3xx_hal_rcc.o
HAL_RCC_GetClockConfig                            build/stm32f3xx_hal_rcc.o
HAL_RCC_GetHCLKFreq                               build/stm32f3xx_hal_rcc.o
                                                  build/main.o
HAL_RCC_GetOscConfig                              build/stm32f3xx_hal_rcc.o
HAL_RCC_GetPCLK1Freq                              build/stm32f3xx_hal_rcc.o
                                                  build/stm32f3xx_hal_rcc_ex.o
                                                  build/stm32f3xx_hal_uart.o
HAL_RCC_GetPCLK2Freq                              build/stm32f3xx_hal_rcc.o
                                                  build/stm32f3xx_hal_uart.o
HAL_RCC_GetSysClockFreq                           build/stm32f3xx_hal_rcc.o
                                                  build/stm32f3xx_hal_rcc_ex.o
                                                  build/stm32f3xx_hal_uart.o
HAL_RCC_MCOConfig                                 build/stm32f3xx_hal_rcc.o
HAL_RCC_NMI_IRQHandler                            build/stm32f3xx_hal_rcc.o
HAL_RCC_OscConfig                                 build/stm32f3xx_hal_rcc.o
                                                  build/main.o
HAL_RS485Ex_Init                                  build/stm32f3xx_hal_uart_ex.o
HAL_ResumeTick                                    build/stm32f3xx_hal.o
HAL_SYSTICK_CLKSourceConfig                       build/stm32f3xx_hal_cortex.o
                                                  build/main.o
HAL_SYSTICK_Callback                              build/stm32f3xx_hal_cortex.o
HAL_SYSTICK_Config                                build/stm32f3xx_hal_cortex.o
                                                  build/stm32f3xx_hal.o
                                                  build/main.o
HAL_SYSTICK_IRQHandler                            build/stm32f3xx_hal_cortex.o
                                                  build/stm32f3xx_it.o
HAL_SetTickFreq                                   build/stm32f3xx_hal.o
HAL_SuspendTick                                   build/stm32f3xx_hal.o
HAL_TIMEx_Break2Callback                          build/stm32f3xx_hal_tim_ex.o
                                                  build/stm32f3xx_hal_tim.o
HAL_TIMEx_BreakCallback                           build/stm32f3xx_hal_tim_ex.o
                                                  build/stm32f3xx_hal_tim.o
HAL_TIMEx_CommutationCallback                     build/stm32f3xx_hal_tim_ex.o
                                                  build/stm32f3xx_hal_tim.o